Archive member included to satisfy reference by file (symbol)

C:/ST/STM32CubeIDE_1.13.2/STM32CubeIDE/plugins/com.st.stm32cube.ide.mcu.externaltools.gnu-tools-for-stm32.11.3.rel1.win32_1.1.1.202309131626/tools/bin/../lib/gcc/arm-none-eabi/11.3.1/../../../../arm-none-eabi/lib/thumb/v7e-m+fp/hard\libc_nano.a(libc_a-exit.o)
                              C:/ST/STM32CubeIDE_1.13.2/STM32CubeIDE/plugins/com.st.stm32cube.ide.mcu.externaltools.gnu-tools-for-stm32.11.3.rel1.win32_1.1.1.202309131626/tools/bin/../lib/gcc/arm-none-eabi/11.3.1/../../../../arm-none-eabi/lib/thumb/v7e-m+fp/hard/crt0.o (exit)
C:/ST/STM32CubeIDE_1.13.2/STM32CubeIDE/plugins/com.st.stm32cube.ide.mcu.externaltools.gnu-tools-for-stm32.11.3.rel1.win32_1.1.1.202309131626/tools/bin/../lib/gcc/arm-none-eabi/11.3.1/../../../../arm-none-eabi/lib/thumb/v7e-m+fp/hard\libc_nano.a(libc_a-malloc.o)
                              ./Middlewares/ST/STM32_USB_Host_Library/Class/MSC/Src/usbh_msc.o (malloc)
C:/ST/STM32CubeIDE_1.13.2/STM32CubeIDE/plugins/com.st.stm32cube.ide.mcu.externaltools.gnu-tools-for-stm32.11.3.rel1.win32_1.1.1.202309131626/tools/bin/../lib/gcc/arm-none-eabi/11.3.1/../../../../arm-none-eabi/lib/thumb/v7e-m+fp/hard\libc_nano.a(libc_a-mallocr.o)
                              C:/ST/STM32CubeIDE_1.13.2/STM32CubeIDE/plugins/com.st.stm32cube.ide.mcu.externaltools.gnu-tools-for-stm32.11.3.rel1.win32_1.1.1.202309131626/tools/bin/../lib/gcc/arm-none-eabi/11.3.1/../../../../arm-none-eabi/lib/thumb/v7e-m+fp/hard\libc_nano.a(libc_a-malloc.o) (_malloc_r)
C:/ST/STM32CubeIDE_1.13.2/STM32CubeIDE/plugins/com.st.stm32cube.ide.mcu.externaltools.gnu-tools-for-stm32.11.3.rel1.win32_1.1.1.202309131626/tools/bin/../lib/gcc/arm-none-eabi/11.3.1/../../../../arm-none-eabi/lib/thumb/v7e-m+fp/hard\libc_nano.a(libc_a-mlock.o)
                              C:/ST/STM32CubeIDE_1.13.2/STM32CubeIDE/plugins/com.st.stm32cube.ide.mcu.externaltools.gnu-tools-for-stm32.11.3.rel1.win32_1.1.1.202309131626/tools/bin/../lib/gcc/arm-none-eabi/11.3.1/../../../../arm-none-eabi/lib/thumb/v7e-m+fp/hard\libc_nano.a(libc_a-mallocr.o) (__malloc_lock)
C:/ST/STM32CubeIDE_1.13.2/STM32CubeIDE/plugins/com.st.stm32cube.ide.mcu.externaltools.gnu-tools-for-stm32.11.3.rel1.win32_1.1.1.202309131626/tools/bin/../lib/gcc/arm-none-eabi/11.3.1/../../../../arm-none-eabi/lib/thumb/v7e-m+fp/hard\libc_nano.a(libc_a-findfp.o)
                              C:/ST/STM32CubeIDE_1.13.2/STM32CubeIDE/plugins/com.st.stm32cube.ide.mcu.externaltools.gnu-tools-for-stm32.11.3.rel1.win32_1.1.1.202309131626/tools/bin/../lib/gcc/arm-none-eabi/11.3.1/../../../../arm-none-eabi/lib/thumb/v7e-m+fp/hard\libc_nano.a(libc_a-exit.o) (__stdio_exit_handler)
C:/ST/STM32CubeIDE_1.13.2/STM32CubeIDE/plugins/com.st.stm32cube.ide.mcu.externaltools.gnu-tools-for-stm32.11.3.rel1.win32_1.1.1.202309131626/tools/bin/../lib/gcc/arm-none-eabi/11.3.1/../../../../arm-none-eabi/lib/thumb/v7e-m+fp/hard\libc_nano.a(libc_a-fwalk.o)
                              C:/ST/STM32CubeIDE_1.13.2/STM32CubeIDE/plugins/com.st.stm32cube.ide.mcu.externaltools.gnu-tools-for-stm32.11.3.rel1.win32_1.1.1.202309131626/tools/bin/../lib/gcc/arm-none-eabi/11.3.1/../../../../arm-none-eabi/lib/thumb/v7e-m+fp/hard\libc_nano.a(libc_a-findfp.o) (_fwalk_sglue)
C:/ST/STM32CubeIDE_1.13.2/STM32CubeIDE/plugins/com.st.stm32cube.ide.mcu.externaltools.gnu-tools-for-stm32.11.3.rel1.win32_1.1.1.202309131626/tools/bin/../lib/gcc/arm-none-eabi/11.3.1/../../../../arm-none-eabi/lib/thumb/v7e-m+fp/hard\libc_nano.a(libc_a-stdio.o)
                              C:/ST/STM32CubeIDE_1.13.2/STM32CubeIDE/plugins/com.st.stm32cube.ide.mcu.externaltools.gnu-tools-for-stm32.11.3.rel1.win32_1.1.1.202309131626/tools/bin/../lib/gcc/arm-none-eabi/11.3.1/../../../../arm-none-eabi/lib/thumb/v7e-m+fp/hard\libc_nano.a(libc_a-findfp.o) (__sread)
C:/ST/STM32CubeIDE_1.13.2/STM32CubeIDE/plugins/com.st.stm32cube.ide.mcu.externaltools.gnu-tools-for-stm32.11.3.rel1.win32_1.1.1.202309131626/tools/bin/../lib/gcc/arm-none-eabi/11.3.1/../../../../arm-none-eabi/lib/thumb/v7e-m+fp/hard\libc_nano.a(libc_a-memset.o)
                              C:/ST/STM32CubeIDE_1.13.2/STM32CubeIDE/plugins/com.st.stm32cube.ide.mcu.externaltools.gnu-tools-for-stm32.11.3.rel1.win32_1.1.1.202309131626/tools/bin/../lib/gcc/arm-none-eabi/11.3.1/../../../../arm-none-eabi/lib/thumb/v7e-m+fp/hard/crt0.o (memset)
C:/ST/STM32CubeIDE_1.13.2/STM32CubeIDE/plugins/com.st.stm32cube.ide.mcu.externaltools.gnu-tools-for-stm32.11.3.rel1.win32_1.1.1.202309131626/tools/bin/../lib/gcc/arm-none-eabi/11.3.1/../../../../arm-none-eabi/lib/thumb/v7e-m+fp/hard\libc_nano.a(libc_a-strncpy.o)
                              ./Core/Src/File_Handling.o (strncpy)
C:/ST/STM32CubeIDE_1.13.2/STM32CubeIDE/plugins/com.st.stm32cube.ide.mcu.externaltools.gnu-tools-for-stm32.11.3.rel1.win32_1.1.1.202309131626/tools/bin/../lib/gcc/arm-none-eabi/11.3.1/../../../../arm-none-eabi/lib/thumb/v7e-m+fp/hard\libc_nano.a(libc_a-strstr.o)
[...]
Memory Configuration

Name             Origin             Length             Attributes
CCMRAM           0x0000000010000000 0x0000000000010000 xrw
RAM              0x0000000020000000 0x0000000000020000 xrw
FLASH            0x0000000008000000 0x0000000000100000 xr
*default*        0x0000000000000000 0xffffffffffffffff

Linker script and memory map

LOAD C:/ST/STM32CubeIDE_1.13.2/STM32CubeIDE/plugins/com.st.stm32cube.ide.mcu.externaltools.gnu-tools-for-stm32.11.3.rel1.win32_1.1.1.202309131626/tools/bin/../lib/gcc/arm-none-eabi/11.3.1/thumb/v7e-m+fp/hard/crti.o
LOAD C:/ST/STM32CubeIDE_1.13.2/STM32CubeIDE/plugins/com.st.stm32cube.ide.mcu.externaltools.gnu-tools-for-stm32.11.3.rel1.win32_1.1.1.202309131626/tools/bin/../lib/gcc/arm-none-eabi/11.3.1/thumb/v7e-m+fp/hard/crtbegin.o
LOAD C:/ST/STM32CubeIDE_1.13.2/STM32CubeIDE/plugins/com.st.stm32cube.ide.mcu.externaltools.gnu-tools-for-stm32.11.3.rel1.win32_1.1.1.202309131626/tools/bin/../lib/gcc/arm-none-eabi/11.3.1/../../../../arm-none-eabi/lib/thumb/v7e-m+fp/hard/crt0.o
LOAD ./Core/Src/AUDIO.o
LOAD ./Core/Src/AUDIO_LINK.o
LOAD ./Core/Src/File_Handling.o
LOAD ./Core/Src/cs43l22.o
LOAD ./Core/Src/main.o
LOAD ./Core/Src/stm32f4xx_hal_msp.o
LOAD ./Core/Src/stm32f4xx_hal_timebase_tim.o
LOAD ./Core/Src/stm32f4xx_it.o
LOAD ./Core/Src/syscalls.o
LOAD ./Core/Src/sysmem.o
LOAD ./Core/Src/system_stm32f4xx.o
LOAD ./Core/Src/waveplayer.o
LOAD ./Core/Startup/startup_stm32f407vgtx.o
LOAD ./Drivers/STM32F4xx_HAL_Driver/Src/stm32f4xx_hal.o
LOAD ./Drivers/STM32F4xx_HAL_Driver/Src/stm32f4xx_hal_cortex.o
LOAD ./Drivers/STM32F4xx_HAL_Driver/Src/stm32f4xx_hal_dma.o
LOAD ./Drivers/STM32F4xx_HAL_Driver/Src/stm32f4xx_hal_dma_ex.o
LOAD ./Drivers/STM32F4xx_HAL_Driver/Src/stm32f4xx_hal_exti.o
LOAD ./Drivers/STM32F4xx_HAL_Driver/Src/stm32f4xx_hal_flash.o
LOAD ./Drivers/STM32F4xx_HAL_Driver/Src/stm32f4xx_hal_flash_ex.o
LOAD ./Drivers/STM32F4xx_HAL_Driver/Src/stm32f4xx_hal_flash_ramfunc.o
LOAD ./Drivers/STM32F4xx_HAL_Driver/Src/stm32f4xx_hal_gpio.o
LOAD ./Drivers/STM32F4xx_HAL_Driver/Src/stm32f4xx_hal_hcd.o
LOAD ./Drivers/STM32F4xx_HAL_Driver/Src/stm32f4xx_hal_i2c.o
LOAD ./Drivers/STM32F4xx_HAL_Driver/Src/stm32f4xx_hal_i2c_ex.o
LOAD ./Drivers/STM32F4xx_HAL_Driver/Src/stm32f4xx_hal_i2s.o
LOAD ./Drivers/STM32F4xx_HAL_Driver/Src/stm32f4xx_hal_i2s_ex.o
LOAD ./Drivers/STM32F4xx_HAL_Driver/Src/stm32f4xx_hal_pwr.o
LOAD ./Drivers/STM32F4xx_HAL_Driver/Src/stm32f4xx_hal_pwr_ex.o
LOAD ./Drivers/STM32F4xx_HAL_Driver/Src/stm32f4xx_hal_rcc.o
LOAD ./Drivers/STM32F4xx_HAL_Driver/Src/stm32f4xx_hal_rcc_ex.o
LOAD ./Drivers/STM32F4xx_HAL_Driver/Src/stm32f4xx_hal_tim.o
LOAD ./Drivers/STM32F4xx_HAL_Driver/Src/stm32f4xx_hal_tim_ex.o
LOAD ./Drivers/STM32F4xx_HAL_Driver/Src/stm32f4xx_ll_usb.o
LOAD ./FATFS/App/fatfs.o
LOAD ./FATFS/Target/usbh_diskio.o
LOAD ./Middlewares/ST/STM32_USB_Host_Library/Class/MSC/Src/usbh_msc.o
LOAD ./Middlewares/ST/STM32_USB_Host_Library/Class/MSC/Src/usbh_msc_bot.o
LOAD ./Middlewares/ST/STM32_USB_Host_Library/Class/MSC/Src/usbh_msc_scsi.o
LOAD ./Middlewares/ST/STM32_USB_Host_Library/Core/Src/usbh_core.o
LOAD ./Middlewares/ST/STM32_USB_Host_Library/Core/Src/usbh_ctlreq.o
LOAD ./Middlewares/ST/STM32_USB_Host_Library/Core/Src/usbh_ioreq.o
LOAD ./Middlewares/ST/STM32_USB_Host_Library/Core/Src/usbh_pipes.o
LOAD ./Middlewares/Third_Party/FatFs/src/diskio.o
LOAD ./Middlewares/Third_Party/FatFs/src/ff.o
LOAD ./Middlewares/Third_Party/FatFs/src/ff_gen_drv.o
LOAD ./Middlewares/Third_Party/FatFs/src/option/ccsbcs.o
LOAD ./Middlewares/Third_Party/FatFs/src/option/syscall.o
LOAD ./USB_HOST/App/usb_host.o
LOAD ./USB_HOST/Target/usbh_conf.o
LOAD ./USB_HOST/Target/usbh_platform.o
START GROUP
LOAD C:/ST/STM32CubeIDE_1.13.2/STM32CubeIDE/plugins/com.st.stm32cube.ide.mcu.externaltools.gnu-tools-for-stm32.11.3.rel1.win32_1.1.1.202309131626/tools/bin/../lib/gcc/arm-none-eabi/11.3.1/../../../../arm-none-eabi/lib/thumb/v7e-m+fp/hard\libc_nano.a
LOAD C:/ST/STM32CubeIDE_1.13.2/STM32CubeIDE/plugins/com.st.stm32cube.ide.mcu.externaltools.gnu-tools-for-stm32.11.3.rel1.win32_1.1.1.202309131626/tools/bin/../lib/gcc/arm-none-eabi/11.3.1/../../../../arm-none-eabi/lib/thumb/v7e-m+fp/hard\libm.a
END GROUP
START GROUP
LOAD C:/ST/STM32CubeIDE_1.13.2/STM32CubeIDE/plugins/com.st.stm32cube.ide.mcu.externaltools.gnu-tools-for-stm32.11.3.rel1.win32_1.1.1.202309131626/tools/bin/../lib/gcc/arm-none-eabi/11.3.1/thumb/v7e-m+fp/hard\libgcc.a
LOAD C:/ST/STM32CubeIDE_1.13.2/STM32CubeIDE/plugins/com.st.stm32cube.ide.mcu.externaltools.gnu-tools-for-stm32.11.3.rel1.win32_1.1.1.202309131626/tools/bin/../lib/gcc/arm-none-eabi/11.3.1/../../../../arm-none-eabi/lib/thumb/v7e-m+fp/hard\libc_nano.a
END GROUP
START GROUP
LOAD C:/ST/STM32CubeIDE_1.13.2/STM32CubeIDE/plugins/com.st.stm32cube.ide.mcu.externaltools.gnu-tools-for-stm32.11.3.rel1.win32_1.1.1.202309131626/tools/bin/../lib/gcc/arm-none-eabi/11.3.1/thumb/v7e-m+fp/hard\libgcc.a
LOAD C:/ST/STM32CubeIDE_1.13.2/STM32CubeIDE/plugins/com.st.stm32cube.ide.mcu.externaltools.gnu-tools-for-stm32.11.3.rel1.win32_1.1.1.202309131626/tools/bin/../lib/gcc/arm-none-eabi/11.3.1/../../../../arm-none-eabi/lib/thumb/v7e-m+fp/hard\libc_nano.a
LOAD C:/ST/STM32CubeIDE_1.13.2/STM32CubeIDE/plugins/com.st.stm32cube.ide.mcu.externaltools.gnu-tools-for-stm32.11.3.rel1.win32_1.1.1.202309131626/tools/bin/../lib/gcc/arm-none-eabi/11.3.1/../../../../arm-none-eabi/lib/thumb/v7e-m+fp/hard\libnosys.a
END GROUP
START GROUP
LOAD C:/ST/STM32CubeIDE_1.13.2/STM32CubeIDE/plugins/com.st.stm32cube.ide.mcu.externaltools.gnu-tools-for-stm32.11.3.rel1.win32_1.1.1.202309131626/tools/bin/../lib/gcc/arm-none-eabi/11.3.1/thumb/v7e-m+fp/hard\libgcc.a
LOAD C:/ST/STM32CubeIDE_1.13.2/STM32CubeIDE/plugins/com.st.stm32cube.ide.mcu.externaltools.gnu-tools-for-stm32.11.3.rel1.win32_1.1.1.202309131626/tools/bin/../lib/gcc/arm-none-eabi/11.3.1/../../../../arm-none-eabi/lib/thumb/v7e-m+fp/hard\libc_nano.a
LOAD C:/ST/STM32CubeIDE_1.13.2/STM32CubeIDE/plugins/com.st.stm32cube.ide.mcu.externaltools.gnu-tools-for-stm32.11.3.rel1.win32_1.1.1.202309131626/tools/bin/../lib/gcc/arm-none-eabi/11.3.1/../../../../arm-none-eabi/lib/thumb/v7e-m+fp/hard\libnosys.a
END GROUP
LOAD C:/ST/STM32CubeIDE_1.13.2/STM32CubeIDE/plugins/com.st.stm32cube.ide.mcu.externaltools.gnu-tools-for-stm32.11.3.rel1.win32_1.1.1.202309131626/tools/bin/../lib/gcc/arm-none-eabi/11.3.1/thumb/v7e-m+fp/hard/crtend.o
LOAD C:/ST/STM32CubeIDE_1.13.2/STM32CubeIDE/plugins/com.st.stm32cube.ide.mcu.externaltools.gnu-tools-for-stm32.11.3.rel1.win32_1.1.1.202309131626/tools/bin/../lib/gcc/arm-none-eabi/11.3.1/thumb/v7e-m+fp/hard/crtn.o
                0x0000000020020000                _estack = (ORIGIN (RAM) + LENGTH (RAM))
                0x0000000000000200                _Min_Heap_Size = 0x200
                0x0000000000000400                _Min_Stack_Size = 0x400

.isr_vector     0x0000000008000000      0x188
                0x0000000008000000                . = ALIGN (0x4)
 *(.isr_vector)
 .isr_vector    0x0000000008000000      0x188 ./Core/Startup/startup_stm32f407vgtx.o
                0x0000000008000000                g_pfnVectors
                0x0000000008000188                . = ALIGN (0x4)

.text           0x0000000008000188     0xfd8c
                0x0000000008000188                . = ALIGN (0x4)
 *(.text)
 .text          0x0000000008000188       0x40 C:/ST/STM32CubeIDE_1.13.2/STM32CubeIDE/plugins/com.st.stm32cube.ide.mcu.externaltools.gnu-tools-for-stm32.11.3.rel1.win32_1.1.1.202309131626/tools/bin/../lib/gcc/arm-none-eabi/11.3.1/thumb/v7e-m+fp/hard/crtbegin.o
 .text          0x00000000080001c8       0x30 C:/ST/STM32CubeIDE_1.13.2/STM32CubeIDE/plugins/com.st.stm32cube.ide.mcu.externaltools.gnu-tools-for-stm32.11.3.rel1.win32_1.1.1.202309131626/tools/bin/../lib/gcc/arm-none-eabi/11.3.1/thumb/v7e-m+fp/hard\libgcc.a(_aeabi_uldivmod.o)
                0x00000000080001c8                __aeabi_uldivmod
 .text          0x00000000080001f8      0x2c8 C:/ST/STM32CubeIDE_1.13.2/STM32CubeIDE/plugins/com.st.stm32cube.ide.mcu.externaltools.gnu-tools-for-stm32.11.3.rel1.win32_1.1.1.202309131626/tools/bin/../lib/gcc/arm-none-eabi/11.3.1/thumb/v7e-m+fp/hard\libgcc.a(_udivmoddi4.o)
                0x00000000080001f8                __udivmoddi4
 .text          0x00000000080004c0        0x4 C:/ST/STM32CubeIDE_1.13.2/STM32CubeIDE/plugins/com.st.stm32cube.ide.mcu.externaltools.gnu-tools-for-stm32.11.3.rel1.win32_1.1.1.202309131626/tools/bin/../lib/gcc/arm-none-eabi/11.3.1/thumb/v7e-m+fp/hard\libgcc.a(_dvmd_tls.o)
                0x00000000080004c0                __aeabi_idiv0
                0x00000000080004c0                __aeabi_ldiv0
 *(.text*)
 .text.AUDIO_OUT_Init
                0x00000000080004c4       0x9c ./Core/Src/AUDIO.o
                0x00000000080004c4                AUDIO_OUT_Init
 .text.AUDIO_OUT_Play
                0x0000000008000560       0x54 ./Core/Src/AUDIO.o
                0x0000000008000560                AUDIO_OUT_Play
 .text.AUDIO_OUT_Pause
                0x00000000080005b4       0x2c ./Core/Src/AUDIO.o
                0x00000000080005b4                AUDIO_OUT_Pause
 .text.AUDIO_OUT_Resume
                0x00000000080005e0       0x2c ./Core/Src/AUDIO.o
                0x00000000080005e0                AUDIO_OUT_Resume
 .text.AUDIO_OUT_Stop
                0x000000000800060c       0x50 ./Core/Src/AUDIO.o
                0x000000000800060c                AUDIO_OUT_Stop
 .text.AUDIO_OUT_SetVolume
                0x000000000800065c       0x30 ./Core/Src/AUDIO.o
                0x000000000800065c                AUDIO_OUT_SetVolume
 .text.HAL_I2S_TxCpltCallback
                0x000000000800068c       0x24 ./Core/Src/AUDIO.o
                0x000000000800068c                HAL_I2S_TxCpltCallback
 .text.HAL_I2S_TxHalfCpltCallback
                0x00000000080006b0       0x24 ./Core/Src/AUDIO.o
                0x00000000080006b0                HAL_I2S_TxHalfCpltCallback
 .text.AUDIO_OUT_ClockConfig
                0x00000000080006d4       0xb4 ./Core/Src/AUDIO.o
                0x00000000080006d4                AUDIO_OUT_ClockConfig
 .text.AUDIO_OUT_MspInit
                0x0000000008000788      0x180 ./Core/Src/AUDIO.o
                0x0000000008000788                AUDIO_OUT_MspInit
 .text.AUDIO_OUT_Error_CallBack
                0x0000000008000908        0xe ./Core/Src/AUDIO.o
                0x0000000008000908                AUDIO_OUT_Error_CallBack
 *fill*         0x0000000008000916        0x2 
 .text.I2S3_Init
                0x0000000008000918       0x70 ./Core/Src/AUDIO.o
 .text.HAL_I2S_ErrorCallback
                0x0000000008000988       0x24 ./Core/Src/AUDIO.o
                0x0000000008000988                HAL_I2S_ErrorCallback
 .text.I2Cx_Init
                0x00000000080009ac       0x64 ./Core/Src/AUDIO_LINK.o
 .text.I2Cx_WriteData
                0x0000000008000a10       0x50 ./Core/Src/AUDIO_LINK.o
 .text.I2Cx_ReadData
                0x0000000008000a60       0x58 ./Core/Src/AUDIO_LINK.o
 .text.I2Cx_Error
                0x0000000008000ab8       0x18 ./Core/Src/AUDIO_LINK.o
 .text.I2Cx_MspInit
                0x0000000008000ad0       0xac ./Core/Src/AUDIO_LINK.o
 .text.AUDIO_IO_Init
                0x0000000008000b7c       0x70 ./Core/Src/AUDIO_LINK.o
                0x0000000008000b7c                AUDIO_IO_Init
 .text.AUDIO_IO_DeInit
                0x0000000008000bec        0xe ./Core/Src/AUDIO_LINK.o
                0x0000000008000bec                AUDIO_IO_DeInit
 .text.AUDIO_IO_Write
                0x0000000008000bfa       0x28 ./Core/Src/AUDIO_LINK.o
                0x0000000008000bfa                AUDIO_IO_Write
 .text.AUDIO_IO_Read
                0x0000000008000c22       0x28 ./Core/Src/AUDIO_LINK.o
                0x0000000008000c22                AUDIO_IO_Read
 *fill*         0x0000000008000c4a        0x2 
 .text.AUDIO_StorageParse
                0x0000000008000c4c      0x13c ./Core/Src/File_Handling.o
                0x0000000008000c4c                AUDIO_StorageParse
 .text.AUDIO_GetWavObjectNumber
                0x0000000008000d88       0x1c ./Core/Src/File_Handling.o
                0x0000000008000d88                AUDIO_GetWavObjectNumber
 .text.Mount_USB
                0x0000000008000da4       0x28 ./Core/Src/File_Handling.o
                0x0000000008000da4                Mount_USB
 .text.cs43l22_Init
                0x0000000008000dcc      0x1c8 ./Core/Src/cs43l22.o
                0x0000000008000dcc                cs43l22_Init
 .text.cs43l22_DeInit
                0x0000000008000f94        0xc ./Core/Src/cs43l22.o
                0x0000000008000f94                cs43l22_DeInit
 .text.cs43l22_ReadID
                0x0000000008000fa0       0x30 ./Core/Src/cs43l22.o
                0x0000000008000fa0                cs43l22_ReadID
 .text.cs43l22_Play
                0x0000000008000fd0       0x74 ./Core/Src/cs43l22.o
                0x0000000008000fd0                cs43l22_Play
 .text.cs43l22_Pause
                0x0000000008001044       0x42 ./Core/Src/cs43l22.o
                0x0000000008001044                cs43l22_Pause
 *fill*         0x0000000008001086        0x2 
 .text.cs43l22_Resume
                0x0000000008001088       0x78 ./Core/Src/cs43l22.o
                0x0000000008001088                cs43l22_Resume
 .text.cs43l22_Stop
                0x0000000008001100       0x68 ./Core/Src/cs43l22.o
                0x0000000008001100                cs43l22_Stop
 .text.cs43l22_SetVolume
                0x0000000008001168       0xbc ./Core/Src/cs43l22.o
                0x0000000008001168                cs43l22_SetVolume
 .text.cs43l22_SetFrequency
                0x0000000008001224       0x1a ./Core/Src/cs43l22.o
                0x0000000008001224                cs43l22_SetFrequency
 *fill*         0x000000000800123e        0x2 
 .text.cs43l22_SetMute
                0x0000000008001240       0xbc ./Core/Src/cs43l22.o
                0x0000000008001240                cs43l22_SetMute
 .text.cs43l22_SetOutputMode
                0x00000000080012fc       0xe4 ./Core/Src/cs43l22.o
                0x00000000080012fc                cs43l22_SetOutputMode
 .text.cs43l22_Reset
                0x00000000080013e0       0x18 ./Core/Src/cs43l22.o
                0x00000000080013e0                cs43l22_Reset
 .text.CODEC_IO_Write
                0x00000000080013f8       0x2e ./Core/Src/cs43l22.o
 *fill*         0x0000000008001426        0x2 
 .text.main     0x0000000008001428       0x6c ./Core/Src/main.o
                0x0000000008001428                main
 .text.SystemClock_Config
                0x0000000008001494       0xd4 ./Core/Src/main.o
                0x0000000008001494                SystemClock_Config
 .text.MX_I2C1_Init
                0x0000000008001568       0x5c ./Core/Src/main.o
 .text.MX_I2S3_Init
                0x00000000080015c4       0x5c ./Core/Src/main.o
 .text.MX_DMA_Init
                0x0000000008001620       0x40 ./Core/Src/main.o
 .text.MX_GPIO_Init
                0x0000000008001660      0x174 ./Core/Src/main.o
 .text.mdelay   0x00000000080017d4       0x32 ./Core/Src/main.o
                0x00000000080017d4                mdelay
 *fill*         0x0000000008001806        0x2 
 .text.HAL_GPIO_EXTI_Callback
                0x0000000008001808       0xe8 ./Core/Src/main.o
                0x0000000008001808                HAL_GPIO_EXTI_Callback
 .text.HAL_TIM_PeriodElapsedCallback
                0x00000000080018f0       0x24 ./Core/Src/main.o
                0x00000000080018f0                HAL_TIM_PeriodElapsedCallback
 .text.Error_Handler
                0x0000000008001914        0xa ./Core/Src/main.o
                0x0000000008001914                Error_Handler
 *fill*         0x000000000800191e        0x2 
 .text.HAL_MspInit
                0x0000000008001920       0x50 ./Core/Src/stm32f4xx_hal_msp.o
                0x0000000008001920                HAL_MspInit
 .text.HAL_I2C_MspInit
                0x0000000008001970       0x90 ./Core/Src/stm32f4xx_hal_msp.o
                0x0000000008001970                HAL_I2C_MspInit
 .text.HAL_I2C_MspDeInit
                0x0000000008001a00       0x44 ./Core/Src/stm32f4xx_hal_msp.o
                0x0000000008001a00                HAL_I2C_MspDeInit
 .text.HAL_I2S_MspInit
                0x0000000008001a44      0x17c ./Core/Src/stm32f4xx_hal_msp.o
                0x0000000008001a44                HAL_I2S_MspInit
 .text.HAL_InitTick
                0x0000000008001bc0       0xe8 ./Core/Src/stm32f4xx_hal_timebase_tim.o
                0x0000000008001bc0                HAL_InitTick
 .text.NMI_Handler
                0x0000000008001ca8        0x6 ./Core/Src/stm32f4xx_it.o
                0x0000000008001ca8                NMI_Handler
 .text.HardFault_Handler
                0x0000000008001cae        0x6 ./Core/Src/stm32f4xx_it.o
                0x0000000008001cae                HardFault_Handler
 .text.MemManage_Handler
                0x0000000008001cb4        0x6 ./Core/Src/stm32f4xx_it.o
                0x0000000008001cb4                MemManage_Handler
 .text.BusFault_Handler
                0x0000000008001cba        0x6 ./Core/Src/stm32f4xx_it.o
                0x0000000008001cba                BusFault_Handler
 .text.UsageFault_Handler
                0x0000000008001cc0        0x6 ./Core/Src/stm32f4xx_it.o
                0x0000000008001cc0                UsageFault_Handler
 .text.SVC_Handler
                0x0000000008001cc6        0xe ./Core/Src/stm32f4xx_it.o
                0x0000000008001cc6                SVC_Handler
 .text.DebugMon_Handler
                0x0000000008001cd4        0xe ./Core/Src/stm32f4xx_it.o
                0x0000000008001cd4                DebugMon_Handler
 .text.PendSV_Handler
                0x0000000008001ce2        0xe ./Core/Src/stm32f4xx_it.o
                0x0000000008001ce2                PendSV_Handler
 .text.SysTick_Handler
                0x0000000008001cf0        0xe ./Core/Src/stm32f4xx_it.o
                0x0000000008001cf0                SysTick_Handler
 .text.EXTI0_IRQHandler
                0x0000000008001cfe        0xe ./Core/Src/stm32f4xx_it.o
                0x0000000008001cfe                EXTI0_IRQHandler
 .text.EXTI1_IRQHandler
                0x0000000008001d0c        0xe ./Core/Src/stm32f4xx_it.o
                0x0000000008001d0c                EXTI1_IRQHandler
 .text.EXTI2_IRQHandler
                0x0000000008001d1a        0xe ./Core/Src/stm32f4xx_it.o
                0x0000000008001d1a                EXTI2_IRQHandler
 .text.EXTI3_IRQHandler
                0x0000000008001d28        0xe ./Core/Src/stm32f4xx_it.o
                0x0000000008001d28                EXTI3_IRQHandler
 *fill*         0x0000000008001d36        0x2 
 .text.DMA1_Stream5_IRQHandler
                0x0000000008001d38       0x14 ./Core/Src/stm32f4xx_it.o
                0x0000000008001d38                DMA1_Stream5_IRQHandler
 .text.EXTI9_5_IRQHandler
                0x0000000008001d4c        0xe ./Core/Src/stm32f4xx_it.o
                0x0000000008001d4c                EXTI9_5_IRQHandler
 *fill*         0x0000000008001d5a        0x2 
 .text.TIM1_UP_TIM10_IRQHandler
                0x0000000008001d5c       0x14 ./Core/Src/stm32f4xx_it.o
                0x0000000008001d5c                TIM1_UP_TIM10_IRQHandler
 .text.OTG_FS_IRQHandler
                0x0000000008001d70       0x14 ./Core/Src/stm32f4xx_it.o
                0x0000000008001d70                OTG_FS_IRQHandler
 .text._sbrk    0x0000000008001d84       0x6c ./Core/Src/sysmem.o
                0x0000000008001d84                _sbrk
 .text.SystemInit
                0x0000000008001df0       0x24 ./Core/Src/system_stm32f4xx.o
                0x0000000008001df0                SystemInit
 .text.PlayerInit
                0x0000000008001e14       0x30 ./Core/Src/waveplayer.o
                0x0000000008001e14                PlayerInit
 .text.AUDIO_PLAYER_Start
                0x0000000008001e44       0xc0 ./Core/Src/waveplayer.o
                0x0000000008001e44                AUDIO_PLAYER_Start
 .text.AUDIO_PLAYER_Process
                0x0000000008001f04      0x234 ./Core/Src/waveplayer.o
                0x0000000008001f04                AUDIO_PLAYER_Process
 .text.AUDIO_OUT_TransferComplete_CallBack
                0x0000000008002138       0x28 ./Core/Src/waveplayer.o
                0x0000000008002138                AUDIO_OUT_TransferComplete_CallBack
 .text.AUDIO_OUT_HalfTransfer_CallBack
                0x0000000008002160       0x28 ./Core/Src/waveplayer.o
                0x0000000008002160                AUDIO_OUT_HalfTransfer_CallBack
 .text.Reset_Handler
                0x0000000008002188       0x50 ./Core/Startup/startup_stm32f407vgtx.o
                0x0000000008002188                Reset_Handler
 .text.Default_Handler
                0x00000000080021d8        0x2 ./Core/Startup/startup_stm32f407vgtx.o
                0x00000000080021d8                RTC_Alarm_IRQHandler
                0x00000000080021d8                HASH_RNG_IRQHandler
                0x00000000080021d8                TIM8_CC_IRQHandler
                0x00000000080021d8                TIM1_CC_IRQHandler
                0x00000000080021d8                DMA2_Stream5_IRQHandler
                0x00000000080021d8                PVD_IRQHandler
                0x00000000080021d8                SDIO_IRQHandler
                0x00000000080021d8                TAMP_STAMP_IRQHandler
                0x00000000080021d8                CAN2_RX1_IRQHandler
                0x00000000080021d8                TIM8_TRG_COM_TIM14_IRQHandler
                0x00000000080021d8                TIM8_UP_TIM13_IRQHandler
                0x00000000080021d8                I2C3_ER_IRQHandler
                0x00000000080021d8                I2C2_EV_IRQHandler
                0x00000000080021d8                DMA1_Stream2_IRQHandler
                0x00000000080021d8                CAN1_RX0_IRQHandler
                0x00000000080021d8                FPU_IRQHandler
                0x00000000080021d8                OTG_HS_WKUP_IRQHandler
                0x00000000080021d8                CAN2_SCE_IRQHandler
                0x00000000080021d8                DMA2_Stream2_IRQHandler
                0x00000000080021d8                SPI1_IRQHandler
                0x00000000080021d8                TIM6_DAC_IRQHandler
                0x00000000080021d8                TIM1_BRK_TIM9_IRQHandler
                0x00000000080021d8                DCMI_IRQHandler
                0x00000000080021d8                CAN2_RX0_IRQHandler
                0x00000000080021d8                DMA2_Stream3_IRQHandler
                0x00000000080021d8                USART6_IRQHandler
                0x00000000080021d8                USART3_IRQHandler
                0x00000000080021d8                CAN1_RX1_IRQHandler
                0x00000000080021d8                UART5_IRQHandler
                0x00000000080021d8                DMA2_Stream0_IRQHandler
                0x00000000080021d8                TIM4_IRQHandler
                0x00000000080021d8                I2C1_EV_IRQHandler
                0x00000000080021d8                DMA1_Stream6_IRQHandler
                0x00000000080021d8                DMA1_Stream1_IRQHandler
                0x00000000080021d8                UART4_IRQHandler
                0x00000000080021d8                TIM3_IRQHandler
                0x00000000080021d8                RCC_IRQHandler
                0x00000000080021d8                TIM8_BRK_TIM12_IRQHandler
                0x00000000080021d8                Default_Handler
                0x00000000080021d8                EXTI15_10_IRQHandler
                0x00000000080021d8                ADC_IRQHandler
                0x00000000080021d8                DMA1_Stream7_IRQHandler
                0x00000000080021d8                TIM7_IRQHandler
                0x00000000080021d8                CAN2_TX_IRQHandler
                0x00000000080021d8                TIM5_IRQHandler
                0x00000000080021d8                DMA2_Stream7_IRQHandler
                0x00000000080021d8                I2C3_EV_IRQHandler
                0x00000000080021d8                RTC_WKUP_IRQHandler
                0x00000000080021d8                ETH_WKUP_IRQHandler
                0x00000000080021d8                SPI2_IRQHandler
                0x00000000080021d8                OTG_HS_EP1_IN_IRQHandler
                0x00000000080021d8                DMA1_Stream0_IRQHandler
                0x00000000080021d8                CAN1_TX_IRQHandler
                0x00000000080021d8                EXTI4_IRQHandler
                0x00000000080021d8                FSMC_IRQHandler
                0x00000000080021d8                ETH_IRQHandler
                0x00000000080021d8                OTG_HS_EP1_OUT_IRQHandler
                0x00000000080021d8                WWDG_IRQHandler
                0x00000000080021d8                TIM2_IRQHandler
                0x00000000080021d8                OTG_FS_WKUP_IRQHandler
                0x00000000080021d8                TIM1_TRG_COM_TIM11_IRQHandler
                0x00000000080021d8                OTG_HS_IRQHandler
                0x00000000080021d8                USART2_IRQHandler
                0x00000000080021d8                I2C2_ER_IRQHandler
                0x00000000080021d8                DMA2_Stream1_IRQHandler
                0x00000000080021d8                CAN1_SCE_IRQHandler
                0x00000000080021d8                FLASH_IRQHandler
                0x00000000080021d8                DMA2_Stream4_IRQHandler
                0x00000000080021d8                USART1_IRQHandler
                0x00000000080021d8                SPI3_IRQHandler
                0x00000000080021d8                DMA1_Stream4_IRQHandler
                0x00000000080021d8                I2C1_ER_IRQHandler
                0x00000000080021d8                DMA2_Stream6_IRQHandler
                0x00000000080021d8                DMA1_Stream3_IRQHandler
 *fill*         0x00000000080021da        0x2 
 .text.HAL_Init
                0x00000000080021dc       0x44 ./Drivers/STM32F4xx_HAL_Driver/Src/stm32f4xx_hal.o
                0x00000000080021dc                HAL_Init
 .text.HAL_IncTick
                0x0000000008002220       0x28 ./Drivers/STM32F4xx_HAL_Driver/Src/stm32f4xx_hal.o
                0x0000000008002220                HAL_IncTick
 .text.HAL_GetTick
                0x0000000008002248       0x18 ./Drivers/STM32F4xx_HAL_Driver/Src/stm32f4xx_hal.o
                0x0000000008002248                HAL_GetTick
 .text.HAL_Delay
                0x0000000008002260       0x48 ./Drivers/STM32F4xx_HAL_Driver/Src/stm32f4xx_hal.o
                0x0000000008002260                HAL_Delay
 .text.__NVIC_SetPriorityGrouping
                0x00000000080022a8       0x48 ./Drivers/STM32F4xx_HAL_Driver/Src/stm32f4xx_hal_cortex.o
 .text.__NVIC_GetPriorityGrouping
                0x00000000080022f0       0x1c ./Drivers/STM32F4xx_HAL_Driver/Src/stm32f4xx_hal_cortex.o
 .text.__NVIC_EnableIRQ
                0x000000000800230c       0x3c ./Drivers/STM32F4xx_HAL_Driver/Src/stm32f4xx_hal_cortex.o
 .text.__NVIC_SetPriority
                0x0000000008002348       0x54 ./Drivers/STM32F4xx_HAL_Driver/Src/stm32f4xx_hal_cortex.o
 .text.NVIC_EncodePriority
                0x000000000800239c       0x66 ./Drivers/STM32F4xx_HAL_Driver/Src/stm32f4xx_hal_cortex.o
 .text.HAL_NVIC_SetPriorityGrouping
                0x0000000008002402       0x16 ./Drivers/STM32F4xx_HAL_Driver/Src/stm32f4xx_hal_cortex.o
                0x0000000008002402                HAL_NVIC_SetPriorityGrouping
 .text.HAL_NVIC_SetPriority
                0x0000000008002418       0x38 ./Drivers/STM32F4xx_HAL_Driver/Src/stm32f4xx_hal_cortex.o
                0x0000000008002418                HAL_NVIC_SetPriority
 .text.HAL_NVIC_EnableIRQ
                0x0000000008002450       0x1c ./Drivers/STM32F4xx_HAL_Driver/Src/stm32f4xx_hal_cortex.o
                0x0000000008002450                HAL_NVIC_EnableIRQ
 .text.HAL_DMA_Init
                0x000000000800246c      0x15c ./Drivers/STM32F4xx_HAL_Driver/Src/stm32f4xx_hal_dma.o
                0x000000000800246c                HAL_DMA_Init
 .text.HAL_DMA_DeInit
                0x00000000080025c8       0xbc ./Drivers/STM32F4xx_HAL_Driver/Src/stm32f4xx_hal_dma.o
                0x00000000080025c8                HAL_DMA_DeInit
 .text.HAL_DMA_Start_IT
                0x0000000008002684       0xb0 ./Drivers/STM32F4xx_HAL_Driver/Src/stm32f4xx_hal_dma.o
                0x0000000008002684                HAL_DMA_Start_IT
 .text.HAL_DMA_Abort
                0x0000000008002734       0xe0 ./Drivers/STM32F4xx_HAL_Driver/Src/stm32f4xx_hal_dma.o
                0x0000000008002734                HAL_DMA_Abort
 .text.HAL_DMA_IRQHandler
                0x0000000008002814      0x314 ./Drivers/STM32F4xx_HAL_Driver/Src/stm32f4xx_hal_dma.o
                0x0000000008002814                HAL_DMA_IRQHandler
 .text.DMA_SetConfig
                0x0000000008002b28       0x5c ./Drivers/STM32F4xx_HAL_Driver/Src/stm32f4xx_hal_dma.o
 .text.DMA_CalcBaseAndBitshift
                0x0000000008002b84       0x6c ./Drivers/STM32F4xx_HAL_Driver/Src/stm32f4xx_hal_dma.o
 .text.DMA_CheckFifoParam
                0x0000000008002bf0       0xf8 ./Drivers/STM32F4xx_HAL_Driver/Src/stm32f4xx_hal_dma.o
 .text.HAL_GPIO_Init
                0x0000000008002ce8      0x338 ./Drivers/STM32F4xx_HAL_Driver/Src/stm32f4xx_hal_gpio.o
                0x0000000008002ce8                HAL_GPIO_Init
 .text.HAL_GPIO_DeInit
                0x0000000008003020      0x1f8 ./Drivers/STM32F4xx_HAL_Driver/Src/stm32f4xx_hal_gpio.o
                0x0000000008003020                HAL_GPIO_DeInit
 .text.HAL_GPIO_WritePin
                0x0000000008003218       0x32 ./Drivers/STM32F4xx_HAL_Driver/Src/stm32f4xx_hal_gpio.o
                0x0000000008003218                HAL_GPIO_WritePin
 *fill*         0x000000000800324a        0x2 
 .text.HAL_GPIO_EXTI_IRQHandler
                0x000000000800324c       0x30 ./Drivers/STM32F4xx_HAL_Driver/Src/stm32f4xx_hal_gpio.o
                0x000000000800324c                HAL_GPIO_EXTI_IRQHandler
 .text.HAL_HCD_Init
                0x000000000800327c       0xc4 ./Drivers/STM32F4xx_HAL_Driver/Src/stm32f4xx_hal_hcd.o
                0x000000000800327c                HAL_HCD_Init
 .text.HAL_HCD_HC_Init
                0x0000000008003340      0x11e ./Drivers/STM32F4xx_HAL_Driver/Src/stm32f4xx_hal_hcd.o
                0x0000000008003340                HAL_HCD_HC_Init
 .text.HAL_HCD_HC_Halt
                0x000000000800345e       0x46 ./Drivers/STM32F4xx_HAL_Driver/Src/stm32f4xx_hal_hcd.o
                0x000000000800345e                HAL_HCD_HC_Halt
 .text.HAL_HCD_HC_SubmitRequest
                0x00000000080034a4      0x2ac ./Drivers/STM32F4xx_HAL_Driver/Src/stm32f4xx_hal_hcd.o
                0x00000000080034a4                HAL_HCD_HC_SubmitRequest
 .text.HAL_HCD_IRQHandler
                0x0000000008003750      0x216 ./Drivers/STM32F4xx_HAL_Driver/Src/stm32f4xx_hal_hcd.o
                0x0000000008003750                HAL_HCD_IRQHandler
 .text.HAL_HCD_Start
                0x0000000008003966       0x46 ./Drivers/STM32F4xx_HAL_Driver/Src/stm32f4xx_hal_hcd.o
                0x0000000008003966                HAL_HCD_Start
 .text.HAL_HCD_Stop
                0x00000000080039ac       0x3a ./Drivers/STM32F4xx_HAL_Driver/Src/stm32f4xx_hal_hcd.o
                0x00000000080039ac                HAL_HCD_Stop
 .text.HAL_HCD_ResetPort
                0x00000000080039e6       0x1c ./Drivers/STM32F4xx_HAL_Driver/Src/stm32f4xx_hal_hcd.o
                0x00000000080039e6                HAL_HCD_ResetPort
 .text.HAL_HCD_HC_GetURBState
                0x0000000008003a02       0x28 ./Drivers/STM32F4xx_HAL_Driver/Src/stm32f4xx_hal_hcd.o
                0x0000000008003a02                HAL_HCD_HC_GetURBState
 .text.HAL_HCD_HC_GetXferCount
                0x0000000008003a2a       0x28 ./Drivers/STM32F4xx_HAL_Driver/Src/stm32f4xx_hal_hcd.o
                0x0000000008003a2a                HAL_HCD_HC_GetXferCount
 .text.HAL_HCD_GetCurrentFrame
                0x0000000008003a52       0x1c ./Drivers/STM32F4xx_HAL_Driver/Src/stm32f4xx_hal_hcd.o
                0x0000000008003a52                HAL_HCD_GetCurrentFrame
 .text.HAL_HCD_GetCurrentSpeed
                0x0000000008003a6e       0x1c ./Drivers/STM32F4xx_HAL_Driver/Src/stm32f4xx_hal_hcd.o
                0x0000000008003a6e                HAL_HCD_GetCurrentSpeed
 .text.HCD_HC_IN_IRQHandler
                0x0000000008003a8a      0x6aa ./Drivers/STM32F4xx_HAL_Driver/Src/stm32f4xx_hal_hcd.o
 .text.HCD_HC_OUT_IRQHandler
                0x0000000008004134      0x6d2 ./Drivers/STM32F4xx_HAL_Driver/Src/stm32f4xx_hal_hcd.o
 .text.HCD_RXQLVL_IRQHandler
                0x0000000008004806      0x1a4 ./Drivers/STM32F4xx_HAL_Driver/Src/stm32f4xx_hal_hcd.o
 .text.HCD_Port_IRQHandler
                0x00000000080049aa       0xe6 ./Drivers/STM32F4xx_HAL_Driver/Src/stm32f4xx_hal_hcd.o
 .text.HAL_I2C_Init
                0x0000000008004a90      0x288 ./Drivers/STM32F4xx_HAL_Driver/Src/stm32f4xx_hal_i2c.o
                0x0000000008004a90                HAL_I2C_Init
 .text.HAL_I2C_DeInit
                0x0000000008004d18       0x5e ./Drivers/STM32F4xx_HAL_Driver/Src/stm32f4xx_hal_i2c.o
                0x0000000008004d18                HAL_I2C_DeInit
 *fill*         0x0000000008004d76        0x2 
 .text.HAL_I2C_Mem_Write
                0x0000000008004d78      0x1f4 ./Drivers/STM32F4xx_HAL_Driver/Src/stm32f4xx_hal_i2c.o
                0x0000000008004d78                HAL_I2C_Mem_Write
 .text.HAL_I2C_Mem_Read
                0x0000000008004f6c      0x44c ./Drivers/STM32F4xx_HAL_Driver/Src/stm32f4xx_hal_i2c.o
                0x0000000008004f6c                HAL_I2C_Mem_Read
 .text.HAL_I2C_GetState
                0x00000000080053b8       0x1c ./Drivers/STM32F4xx_HAL_Driver/Src/stm32f4xx_hal_i2c.o
                0x00000000080053b8                HAL_I2C_GetState
 .text.I2C_RequestMemoryWrite
                0x00000000080053d4      0x12c ./Drivers/STM32F4xx_HAL_Driver/Src/stm32f4xx_hal_i2c.o
 .text.I2C_RequestMemoryRead
                0x0000000008005500      0x1d0 ./Drivers/STM32F4xx_HAL_Driver/Src/stm32f4xx_hal_i2c.o
 .text.I2C_WaitOnFlagUntilTimeout
                0x00000000080056d0       0xae ./Drivers/STM32F4xx_HAL_Driver/Src/stm32f4xx_hal_i2c.o
 .text.I2C_WaitOnMasterAddressFlagUntilTimeout
                0x000000000800577e       0xfe ./Drivers/STM32F4xx_HAL_Driver/Src/stm32f4xx_hal_i2c.o
 .text.I2C_WaitOnTXEFlagUntilTimeout
                0x000000000800587c       0x82 ./Drivers/STM32F4xx_HAL_Driver/Src/stm32f4xx_hal_i2c.o
 .text.I2C_WaitOnBTFFlagUntilTimeout
                0x00000000080058fe       0x82 ./Drivers/STM32F4xx_HAL_Driver/Src/stm32f4xx_hal_i2c.o
 .text.I2C_WaitOnRXNEFlagUntilTimeout
                0x0000000008005980       0xac ./Drivers/STM32F4xx_HAL_Driver/Src/stm32f4xx_hal_i2c.o
 .text.I2C_IsAcknowledgeFailed
                0x0000000008005a2c       0x5e ./Drivers/STM32F4xx_HAL_Driver/Src/stm32f4xx_hal_i2c.o
 *fill*         0x0000000008005a8a        0x2 
 .text.HAL_I2S_Init
                0x0000000008005a8c      0x280 ./Drivers/STM32F4xx_HAL_Driver/Src/stm32f4xx_hal_i2s.o
                0x0000000008005a8c                HAL_I2S_Init
 .text.HAL_I2S_Transmit_DMA
                0x0000000008005d0c      0x150 ./Drivers/STM32F4xx_HAL_Driver/Src/stm32f4xx_hal_i2s.o
                0x0000000008005d0c                HAL_I2S_Transmit_DMA
 .text.HAL_I2S_DMAPause
                0x0000000008005e5c       0xc4 ./Drivers/STM32F4xx_HAL_Driver/Src/stm32f4xx_hal_i2s.o
                0x0000000008005e5c                HAL_I2S_DMAPause
 .text.HAL_I2S_DMAResume
                0x0000000008005f20      0x128 ./Drivers/STM32F4xx_HAL_Driver/Src/stm32f4xx_hal_i2s.o
                0x0000000008005f20                HAL_I2S_DMAResume
 .text.HAL_I2S_DMAStop
                0x0000000008006048      0x3b4 ./Drivers/STM32F4xx_HAL_Driver/Src/stm32f4xx_hal_i2s.o
                0x0000000008006048                HAL_I2S_DMAStop
 .text.HAL_I2S_RxCpltCallback
                0x00000000080063fc       0x14 ./Drivers/STM32F4xx_HAL_Driver/Src/stm32f4xx_hal_i2s.o
                0x00000000080063fc                HAL_I2S_RxCpltCallback
 .text.HAL_I2S_GetState
                0x0000000008006410       0x1c ./Drivers/STM32F4xx_HAL_Driver/Src/stm32f4xx_hal_i2s.o
                0x0000000008006410                HAL_I2S_GetState
 .text.I2S_DMATxCplt
                0x000000000800642c       0x42 ./Drivers/STM32F4xx_HAL_Driver/Src/stm32f4xx_hal_i2s.o
 .text.I2S_DMATxHalfCplt
                0x000000000800646e       0x1c ./Drivers/STM32F4xx_HAL_Driver/Src/stm32f4xx_hal_i2s.o
 .text.I2S_DMAError
                0x000000000800648a       0x4c ./Drivers/STM32F4xx_HAL_Driver/Src/stm32f4xx_hal_i2s.o
 .text.I2S_Transmit_IT
                0x00000000080064d6       0x5c ./Drivers/STM32F4xx_HAL_Driver/Src/stm32f4xx_hal_i2s.o
 .text.I2S_Receive_IT
                0x0000000008006532       0x5e ./Drivers/STM32F4xx_HAL_Driver/Src/stm32f4xx_hal_i2s.o
 .text.I2S_IRQHandler
                0x0000000008006590      0x114 ./Drivers/STM32F4xx_HAL_Driver/Src/stm32f4xx_hal_i2s.o
 .text.I2S_WaitFlagStateUntilTimeout
                0x00000000080066a4       0x72 ./Drivers/STM32F4xx_HAL_Driver/Src/stm32f4xx_hal_i2s.o
 *fill*         0x0000000008006716        0x2 
 .text.HAL_I2SEx_FullDuplex_IRQHandler
                0x0000000008006718      0x2a8 ./Drivers/STM32F4xx_HAL_Driver/Src/stm32f4xx_hal_i2s_ex.o
                0x0000000008006718                HAL_I2SEx_FullDuplex_IRQHandler
 .text.HAL_I2SEx_TxRxCpltCallback
                0x00000000080069c0       0x14 ./Drivers/STM32F4xx_HAL_Driver/Src/stm32f4xx_hal_i2s_ex.o
                0x00000000080069c0                HAL_I2SEx_TxRxCpltCallback
 .text.I2SEx_TxISR_I2S
                0x00000000080069d4       0x62 ./Drivers/STM32F4xx_HAL_Driver/Src/stm32f4xx_hal_i2s_ex.o
 *fill*         0x0000000008006a36        0x2 
 .text.I2SEx_TxISR_I2SExt
                0x0000000008006a38       0x98 ./Drivers/STM32F4xx_HAL_Driver/Src/stm32f4xx_hal_i2s_ex.o
 .text.I2SEx_RxISR_I2S
                0x0000000008006ad0       0x64 ./Drivers/STM32F4xx_HAL_Driver/Src/stm32f4xx_hal_i2s_ex.o
 .text.I2SEx_RxISR_I2SExt
                0x0000000008006b34       0x98 ./Drivers/STM32F4xx_HAL_Driver/Src/stm32f4xx_hal_i2s_ex.o
 .text.HAL_RCC_OscConfig
                0x0000000008006bcc      0x4f0 ./Drivers/STM32F4xx_HAL_Driver/Src/stm32f4xx_hal_rcc.o
                0x0000000008006bcc                HAL_RCC_OscConfig
 .text.HAL_RCC_ClockConfig
                0x00000000080070bc      0x1cc ./Drivers/STM32F4xx_HAL_Driver/Src/stm32f4xx_hal_rcc.o
                0x00000000080070bc                HAL_RCC_ClockConfig
 .text.HAL_RCC_GetSysClockFreq
                0x0000000008007288      0x20c ./Drivers/STM32F4xx_HAL_Driver/Src/stm32f4xx_hal_rcc.o
                0x0000000008007288                HAL_RCC_GetSysClockFreq
 .text.HAL_RCC_GetHCLKFreq
                0x0000000008007494       0x18 ./Drivers/STM32F4xx_HAL_Driver/Src/stm32f4xx_hal_rcc.o
                0x0000000008007494                HAL_RCC_GetHCLKFreq
 .text.HAL_RCC_GetPCLK1Freq
                0x00000000080074ac       0x28 ./Drivers/STM32F4xx_HAL_Driver/Src/stm32f4xx_hal_rcc.o
                0x00000000080074ac                HAL_RCC_GetPCLK1Freq
 .text.HAL_RCC_GetPCLK2Freq
                0x00000000080074d4       0x28 ./Drivers/STM32F4xx_HAL_Driver/Src/stm32f4xx_hal_rcc.o
                0x00000000080074d4                HAL_RCC_GetPCLK2Freq
 .text.HAL_RCC_GetClockConfig
                0x00000000080074fc       0x64 ./Drivers/STM32F4xx_HAL_Driver/Src/stm32f4xx_hal_rcc.o
                0x00000000080074fc                HAL_RCC_GetClockConfig
 .text.HAL_RCCEx_PeriphCLKConfig
                0x0000000008007560      0x1c4 ./Drivers/STM32F4xx_HAL_Driver/Src/stm32f4xx_hal_rcc_ex.o
                0x0000000008007560                HAL_RCCEx_PeriphCLKConfig
 .text.HAL_RCCEx_GetPeriphCLKConfig
                0x0000000008007724       0x58 ./Drivers/STM32F4xx_HAL_Driver/Src/stm32f4xx_hal_rcc_ex.o
                0x0000000008007724                HAL_RCCEx_GetPeriphCLKConfig
 .text.HAL_RCCEx_GetPeriphCLKFreq
                0x000000000800777c       0xbc ./Drivers/STM32F4xx_HAL_Driver/Src/stm32f4xx_hal_rcc_ex.o
                0x000000000800777c                HAL_RCCEx_GetPeriphCLKFreq
 .text.HAL_TIM_Base_Init
                0x0000000008007838       0x9e ./Drivers/STM32F4xx_HAL_Driver/Src/stm32f4xx_hal_tim.o
                0x0000000008007838                HAL_TIM_Base_Init
 .text.HAL_TIM_Base_MspInit
                0x00000000080078d6       0x14 ./Drivers/STM32F4xx_HAL_Driver/Src/stm32f4xx_hal_tim.o
                0x00000000080078d6                HAL_TIM_Base_MspInit
 *fill*         0x00000000080078ea        0x2 
 .text.HAL_TIM_Base_Start_IT
                0x00000000080078ec       0xe0 ./Drivers/STM32F4xx_HAL_Driver/Src/stm32f4xx_hal_tim.o
                0x00000000080078ec                HAL_TIM_Base_Start_IT
 .text.HAL_TIM_IRQHandler
                0x00000000080079cc      0x210 ./Drivers/STM32F4xx_HAL_Driver/Src/stm32f4xx_hal_tim.o
                0x00000000080079cc                HAL_TIM_IRQHandler
 .text.HAL_TIM_OC_DelayElapsedCallback
                0x0000000008007bdc       0x14 ./Drivers/STM32F4xx_HAL_Driver/Src/stm32f4xx_hal_tim.o
                0x0000000008007bdc                HAL_TIM_OC_DelayElapsedCallback
 .text.HAL_TIM_IC_CaptureCallback
                0x0000000008007bf0       0x14 ./Drivers/STM32F4xx_HAL_Driver/Src/stm32f4xx_hal_tim.o
                0x0000000008007bf0                HAL_TIM_IC_CaptureCallback
 .text.HAL_TIM_PWM_PulseFinishedCallback
                0x0000000008007c04       0x14 ./Drivers/STM32F4xx_HAL_Driver/Src/stm32f4xx_hal_tim.o
                0x0000000008007c04                HAL_TIM_PWM_PulseFinishedCallback
 .text.HAL_TIM_TriggerCallback
                0x0000000008007c18       0x14 ./Drivers/STM32F4xx_HAL_Driver/Src/stm32f4xx_hal_tim.o
                0x0000000008007c18                HAL_TIM_TriggerCallback
 .text.TIM_Base_SetConfig
                0x0000000008007c2c      0x140 ./Drivers/STM32F4xx_HAL_Driver/Src/stm32f4xx_hal_tim.o
                0x0000000008007c2c                TIM_Base_SetConfig
 .text.HAL_TIMEx_CommutCallback
                0x0000000008007d6c       0x14 ./Drivers/STM32F4xx_HAL_Driver/Src/stm32f4xx_hal_tim_ex.o
                0x0000000008007d6c                HAL_TIMEx_CommutCallback
 .text.HAL_TIMEx_BreakCallback
                0x0000000008007d80       0x14 ./Drivers/STM32F4xx_HAL_Driver/Src/stm32f4xx_hal_tim_ex.o
                0x0000000008007d80                HAL_TIMEx_BreakCallback
 .text.USB_CoreInit
                0x0000000008007d94       0xc2 ./Drivers/STM32F4xx_HAL_Driver/Src/stm32f4xx_ll_usb.o
                0x0000000008007d94                USB_CoreInit
 .text.USB_EnableGlobalInt
                0x0000000008007e56       0x22 ./Drivers/STM32F4xx_HAL_Driver/Src/stm32f4xx_ll_usb.o
                0x0000000008007e56                USB_EnableGlobalInt
 .text.USB_DisableGlobalInt
                0x0000000008007e78       0x22 ./Drivers/STM32F4xx_HAL_Driver/Src/stm32f4xx_ll_usb.o
                0x0000000008007e78                USB_DisableGlobalInt
 .text.USB_SetCurrentMode
                0x0000000008007e9a       0x98 ./Drivers/STM32F4xx_HAL_Driver/Src/stm32f4xx_ll_usb.o
                0x0000000008007e9a                USB_SetCurrentMode
 *fill*         0x0000000008007f32        0x2 
 .text.USB_FlushTxFifo
                0x0000000008007f34       0x68 ./Drivers/STM32F4xx_HAL_Driver/Src/stm32f4xx_ll_usb.o
                0x0000000008007f34                USB_FlushTxFifo
 .text.USB_FlushRxFifo
                0x0000000008007f9c       0x60 ./Drivers/STM32F4xx_HAL_Driver/Src/stm32f4xx_ll_usb.o
                0x0000000008007f9c                USB_FlushRxFifo
 .text.USB_WritePacket
                0x0000000008007ffc       0x7c ./Drivers/STM32F4xx_HAL_Driver/Src/stm32f4xx_ll_usb.o
                0x0000000008007ffc                USB_WritePacket
 .text.USB_ReadPacket
                0x0000000008008078       0xb0 ./Drivers/STM32F4xx_HAL_Driver/Src/stm32f4xx_ll_usb.o
                0x0000000008008078                USB_ReadPacket
 .text.USB_ReadInterrupts
                0x0000000008008128       0x26 ./Drivers/STM32F4xx_HAL_Driver/Src/stm32f4xx_ll_usb.o
                0x0000000008008128                USB_ReadInterrupts
 .text.USB_GetMode
                0x000000000800814e       0x1c ./Drivers/STM32F4xx_HAL_Driver/Src/stm32f4xx_ll_usb.o
                0x000000000800814e                USB_GetMode
 *fill*         0x000000000800816a        0x2 
 .text.USB_CoreReset
                0x000000000800816c       0x68 ./Drivers/STM32F4xx_HAL_Driver/Src/stm32f4xx_ll_usb.o
 .text.USB_HostInit
                0x00000000080081d4      0x180 ./Drivers/STM32F4xx_HAL_Driver/Src/stm32f4xx_ll_usb.o
                0x00000000080081d4                USB_HostInit
 .text.USB_InitFSLSPClkSel
                0x0000000008008354       0x74 ./Drivers/STM32F4xx_HAL_Driver/Src/stm32f4xx_ll_usb.o
                0x0000000008008354                USB_InitFSLSPClkSel
 .text.USB_ResetPort
                0x00000000080083c8       0x54 ./Drivers/STM32F4xx_HAL_Driver/Src/stm32f4xx_ll_usb.o
                0x00000000080083c8                USB_ResetPort
 .text.USB_DriveVbus
                0x000000000800841c       0x72 ./Drivers/STM32F4xx_HAL_Driver/Src/stm32f4xx_ll_usb.o
                0x000000000800841c                USB_DriveVbus
 .text.USB_GetHostSpeed
                0x000000000800848e       0x2e ./Drivers/STM32F4xx_HAL_Driver/Src/stm32f4xx_ll_usb.o
                0x000000000800848e                USB_GetHostSpeed
 .text.USB_GetCurrentFrame
                0x00000000080084bc       0x22 ./Drivers/STM32F4xx_HAL_Driver/Src/stm32f4xx_ll_usb.o
                0x00000000080084bc                USB_GetCurrentFrame
 *fill*         0x00000000080084de        0x2 
 .text.USB_HC_Init
                0x00000000080084e0      0x244 ./Drivers/STM32F4xx_HAL_Driver/Src/stm32f4xx_ll_usb.o
                0x00000000080084e0                USB_HC_Init
 .text.USB_HC_StartXfer
                0x0000000008008724      0x284 ./Drivers/STM32F4xx_HAL_Driver/Src/stm32f4xx_ll_usb.o
                0x0000000008008724                USB_HC_StartXfer
 .text.USB_HC_ReadInterrupt
                0x00000000080089a8       0x22 ./Drivers/STM32F4xx_HAL_Driver/Src/stm32f4xx_ll_usb.o
                0x00000000080089a8                USB_HC_ReadInterrupt
 .text.USB_HC_Halt
                0x00000000080089ca      0x1f8 ./Drivers/STM32F4xx_HAL_Driver/Src/stm32f4xx_ll_usb.o
                0x00000000080089ca                USB_HC_Halt
 *fill*         0x0000000008008bc2        0x2 
 .text.USB_DoPing
                0x0000000008008bc4       0x78 ./Drivers/STM32F4xx_HAL_Driver/Src/stm32f4xx_ll_usb.o
                0x0000000008008bc4                USB_DoPing
 .text.USB_StopHost
                0x0000000008008c3c      0x124 ./Drivers/STM32F4xx_HAL_Driver/Src/stm32f4xx_ll_usb.o
                0x0000000008008c3c                USB_StopHost
 .text.MX_FATFS_Init
                0x0000000008008d60       0x24 ./FATFS/App/fatfs.o
                0x0000000008008d60                MX_FATFS_Init
 .text.get_fattime
                0x0000000008008d84       0x10 ./FATFS/App/fatfs.o
                0x0000000008008d84                get_fattime
 .text.USBH_initialize
                0x0000000008008d94       0x18 ./FATFS/Target/usbh_diskio.o
                0x0000000008008d94                USBH_initialize
 .text.USBH_status
                0x0000000008008dac       0x38 ./FATFS/Target/usbh_diskio.o
                0x0000000008008dac                USBH_status
 .text.USBH_read
                0x0000000008008de4       0x74 ./FATFS/Target/usbh_diskio.o
                0x0000000008008de4                USBH_read
 .text.USBH_write
                0x0000000008008e58       0x84 ./FATFS/Target/usbh_diskio.o
                0x0000000008008e58                USBH_write
 .text.USBH_ioctl
                0x0000000008008edc       0xd8 ./FATFS/Target/usbh_diskio.o
                0x0000000008008edc                USBH_ioctl
 .text.USBH_MSC_InterfaceInit
                0x0000000008008fb4      0x244 ./Middlewares/ST/STM32_USB_Host_Library/Class/MSC/Src/usbh_msc.o
 .text.USBH_MSC_InterfaceDeInit
                0x00000000080091f8       0x8c ./Middlewares/ST/STM32_USB_Host_Library/Class/MSC/Src/usbh_msc.o
 .text.USBH_MSC_ClassRequest
                0x0000000008009284       0xce ./Middlewares/ST/STM32_USB_Host_Library/Class/MSC/Src/usbh_msc.o
 *fill*         0x0000000008009352        0x2 
 .text.USBH_MSC_Process
                0x0000000008009354      0x520 ./Middlewares/ST/STM32_USB_Host_Library/Class/MSC/Src/usbh_msc.o
 .text.USBH_MSC_SOFProcess
                0x0000000008009874       0x16 ./Middlewares/ST/STM32_USB_Host_Library/Class/MSC/Src/usbh_msc.o
 .text.USBH_MSC_RdWrProcess
                0x000000000800988a      0x19e ./Middlewares/ST/STM32_USB_Host_Library/Class/MSC/Src/usbh_msc.o
 .text.USBH_MSC_UnitIsReady
                0x0000000008009a28       0x4c ./Middlewares/ST/STM32_USB_Host_Library/Class/MSC/Src/usbh_msc.o
                0x0000000008009a28                USBH_MSC_UnitIsReady
 .text.USBH_MSC_GetLUNInfo
                0x0000000008009a74       0x48 ./Middlewares/ST/STM32_USB_Host_Library/Class/MSC/Src/usbh_msc.o
                0x0000000008009a74                USBH_MSC_GetLUNInfo
 .text.USBH_MSC_Read
                0x0000000008009abc       0xd2 ./Middlewares/ST/STM32_USB_Host_Library/Class/MSC/Src/usbh_msc.o
                0x0000000008009abc                USBH_MSC_Read
 .text.USBH_MSC_Write
                0x0000000008009b8e       0xd2 ./Middlewares/ST/STM32_USB_Host_Library/Class/MSC/Src/usbh_msc.o
                0x0000000008009b8e                USBH_MSC_Write
 .text.USBH_MSC_BOT_REQ_Reset
                0x0000000008009c60       0x3a ./Middlewares/ST/STM32_USB_Host_Library/Class/MSC/Src/usbh_msc_bot.o
                0x0000000008009c60                USBH_MSC_BOT_REQ_Reset
 .text.USBH_MSC_BOT_REQ_GetMaxLUN
                0x0000000008009c9a       0x3c ./Middlewares/ST/STM32_USB_Host_Library/Class/MSC/Src/usbh_msc_bot.o
                0x0000000008009c9a                USBH_MSC_BOT_REQ_GetMaxLUN
 *fill*         0x0000000008009cd6        0x2 
 .text.USBH_MSC_BOT_Init
                0x0000000008009cd8       0x44 ./Middlewares/ST/STM32_USB_Host_Library/Class/MSC/Src/usbh_msc_bot.o
                0x0000000008009cd8                USBH_MSC_BOT_Init
 .text.USBH_MSC_BOT_Process
                0x0000000008009d1c      0x39c ./Middlewares/ST/STM32_USB_Host_Library/Class/MSC/Src/usbh_msc_bot.o
                0x0000000008009d1c                USBH_MSC_BOT_Process
 .text.USBH_MSC_BOT_Abort
                0x000000000800a0b8       0x58 ./Middlewares/ST/STM32_USB_Host_Library/Class/MSC/Src/usbh_msc_bot.o
 .text.USBH_MSC_DecodeCSW
                0x000000000800a110       0x88 ./Middlewares/ST/STM32_USB_Host_Library/Class/MSC/Src/usbh_msc_bot.o
 .text.USBH_MSC_SCSI_TestUnitReady
                0x000000000800a198       0x86 ./Middlewares/ST/STM32_USB_Host_Library/Class/MSC/Src/usbh_msc_scsi.o
                0x000000000800a198                USBH_MSC_SCSI_TestUnitReady
 .text.USBH_MSC_SCSI_ReadCapacity
                0x000000000800a21e       0xf6 ./Middlewares/ST/STM32_USB_Host_Library/Class/MSC/Src/usbh_msc_scsi.o
                0x000000000800a21e                USBH_MSC_SCSI_ReadCapacity
 .text.USBH_MSC_SCSI_Inquiry
                0x000000000800a314      0x14a ./Middlewares/ST/STM32_USB_Host_Library/Class/MSC/Src/usbh_msc_scsi.o
                0x000000000800a314                USBH_MSC_SCSI_Inquiry
 .text.USBH_MSC_SCSI_RequestSense
                0x000000000800a45e       0xf2 ./Middlewares/ST/STM32_USB_Host_Library/Class/MSC/Src/usbh_msc_scsi.o
                0x000000000800a45e                USBH_MSC_SCSI_RequestSense
 .text.USBH_MSC_SCSI_Write
                0x000000000800a550       0xd6 ./Middlewares/ST/STM32_USB_Host_Library/Class/MSC/Src/usbh_msc_scsi.o
                0x000000000800a550                USBH_MSC_SCSI_Write
 .text.USBH_MSC_SCSI_Read
                0x000000000800a626       0xd6 ./Middlewares/ST/STM32_USB_Host_Library/Class/MSC/Src/usbh_msc_scsi.o
                0x000000000800a626                USBH_MSC_SCSI_Read
 .text.USBH_Init
                0x000000000800a6fc       0x74 ./Middlewares/ST/STM32_USB_Host_Library/Core/Src/usbh_core.o
                0x000000000800a6fc                USBH_Init
 .text.DeInitStateMachine
                0x000000000800a770       0xa8 ./Middlewares/ST/STM32_USB_Host_Library/Core/Src/usbh_core.o
 .text.USBH_RegisterClass
                0x000000000800a818       0x54 ./Middlewares/ST/STM32_USB_Host_Library/Core/Src/usbh_core.o
                0x000000000800a818                USBH_RegisterClass
 .text.USBH_SelectInterface
                0x000000000800a86c       0x38 ./Middlewares/ST/STM32_USB_Host_Library/Core/Src/usbh_core.o
                0x000000000800a86c                USBH_SelectInterface
 .text.USBH_FindInterface
                0x000000000800a8a4       0x8c ./Middlewares/ST/STM32_USB_Host_Library/Core/Src/usbh_core.o
                0x000000000800a8a4                USBH_FindInterface
 .text.USBH_Start
                0x000000000800a930       0x20 ./Middlewares/ST/STM32_USB_Host_Library/Core/Src/usbh_core.o
                0x000000000800a930                USBH_Start
 .text.USBH_Process
                0x000000000800a950      0x3d8 ./Middlewares/ST/STM32_USB_Host_Library/Core/Src/usbh_core.o
                0x000000000800a950                USBH_Process
 .text.USBH_HandleEnum
                0x000000000800ad28      0x3c8 ./Middlewares/ST/STM32_USB_Host_Library/Core/Src/usbh_core.o
 .text.USBH_LL_SetTimer
                0x000000000800b0f0       0x1e ./Middlewares/ST/STM32_USB_Host_Library/Core/Src/usbh_core.o
                0x000000000800b0f0                USBH_LL_SetTimer
 .text.USBH_LL_IncTimer
                0x000000000800b10e       0x24 ./Middlewares/ST/STM32_USB_Host_Library/Core/Src/usbh_core.o
                0x000000000800b10e                USBH_LL_IncTimer
 .text.USBH_HandleSof
                0x000000000800b132       0x30 ./Middlewares/ST/STM32_USB_Host_Library/Core/Src/usbh_core.o
 .text.USBH_LL_PortEnabled
                0x000000000800b162       0x1c ./Middlewares/ST/STM32_USB_Host_Library/Core/Src/usbh_core.o
                0x000000000800b162                USBH_LL_PortEnabled
 .text.USBH_LL_PortDisabled
                0x000000000800b17e       0x1c ./Middlewares/ST/STM32_USB_Host_Library/Core/Src/usbh_core.o
                0x000000000800b17e                USBH_LL_PortDisabled
 .text.USBH_LL_Connect
                0x000000000800b19a       0x2e ./Middlewares/ST/STM32_USB_Host_Library/Core/Src/usbh_core.o
                0x000000000800b19a                USBH_LL_Connect
 .text.USBH_LL_Disconnect
                0x000000000800b1c8       0x48 ./Middlewares/ST/STM32_USB_Host_Library/Core/Src/usbh_core.o
                0x000000000800b1c8                USBH_LL_Disconnect
 .text.USBH_Get_DevDesc
                0x000000000800b210       0x50 ./Middlewares/ST/STM32_USB_Host_Library/Core/Src/usbh_ctlreq.o
                0x000000000800b210                USBH_Get_DevDesc
 .text.USBH_Get_CfgDesc
                0x000000000800b260       0x48 ./Middlewares/ST/STM32_USB_Host_Library/Core/Src/usbh_ctlreq.o
                0x000000000800b260                USBH_Get_CfgDesc
 .text.USBH_Get_StringDesc
                0x000000000800b2a8       0x56 ./Middlewares/ST/STM32_USB_Host_Library/Core/Src/usbh_ctlreq.o
                0x000000000800b2a8                USBH_Get_StringDesc
 .text.USBH_GetDescriptor
                0x000000000800b2fe       0x6a ./Middlewares/ST/STM32_USB_Host_Library/Core/Src/usbh_ctlreq.o
                0x000000000800b2fe                USBH_GetDescriptor
 .text.USBH_SetAddress
                0x000000000800b368       0x48 ./Middlewares/ST/STM32_USB_Host_Library/Core/Src/usbh_ctlreq.o
                0x000000000800b368                USBH_SetAddress
 .text.USBH_SetCfg
                0x000000000800b3b0       0x46 ./Middlewares/ST/STM32_USB_Host_Library/Core/Src/usbh_ctlreq.o
                0x000000000800b3b0                USBH_SetCfg
 .text.USBH_SetFeature
                0x000000000800b3f6       0x48 ./Middlewares/ST/STM32_USB_Host_Library/Core/Src/usbh_ctlreq.o
                0x000000000800b3f6                USBH_SetFeature
 .text.USBH_ClrFeature
                0x000000000800b43e       0x48 ./Middlewares/ST/STM32_USB_Host_Library/Core/Src/usbh_ctlreq.o
                0x000000000800b43e                USBH_ClrFeature
 *fill*         0x000000000800b486        0x2 
 .text.USBH_ParseDevDesc
                0x000000000800b488      0x124 ./Middlewares/ST/STM32_USB_Host_Library/Core/Src/usbh_ctlreq.o
 .text.USBH_ParseCfgDesc
                0x000000000800b5ac      0x1ec ./Middlewares/ST/STM32_USB_Host_Library/Core/Src/usbh_ctlreq.o
 .text.USBH_ParseInterfaceDesc
                0x000000000800b798       0x5e ./Middlewares/ST/STM32_USB_Host_Library/Core/Src/usbh_ctlreq.o
 .text.USBH_ParseEPDesc
                0x000000000800b7f6      0x14a ./Middlewares/ST/STM32_USB_Host_Library/Core/Src/usbh_ctlreq.o
 .text.USBH_ParseStringDesc
                0x000000000800b940       0x66 ./Middlewares/ST/STM32_USB_Host_Library/Core/Src/usbh_ctlreq.o
 .text.USBH_GetNextDesc
                0x000000000800b9a6       0x36 ./Middlewares/ST/STM32_USB_Host_Library/Core/Src/usbh_ctlreq.o
                0x000000000800b9a6                USBH_GetNextDesc
 .text.USBH_CtlReq
                0x000000000800b9dc       0x7a ./Middlewares/ST/STM32_USB_Host_Library/Core/Src/usbh_ctlreq.o
                0x000000000800b9dc                USBH_CtlReq
 *fill*         0x000000000800ba56        0x2 
 .text.USBH_HandleControl
                0x000000000800ba58      0x2e8 ./Middlewares/ST/STM32_USB_Host_Library/Core/Src/usbh_ctlreq.o
 .text.USBH_CtlSendSetup
                0x000000000800bd40       0x34 ./Middlewares/ST/STM32_USB_Host_Library/Core/Src/usbh_ioreq.o
                0x000000000800bd40                USBH_CtlSendSetup
 .text.USBH_CtlSendData
                0x000000000800bd74       0x4a ./Middlewares/ST/STM32_USB_Host_Library/Core/Src/usbh_ioreq.o
                0x000000000800bd74                USBH_CtlSendData
 .text.USBH_CtlReceiveData
                0x000000000800bdbe       0x3c ./Middlewares/ST/STM32_USB_Host_Library/Core/Src/usbh_ioreq.o
                0x000000000800bdbe                USBH_CtlReceiveData
 .text.USBH_BulkSendData
                0x000000000800bdfa       0x4a ./Middlewares/ST/STM32_USB_Host_Library/Core/Src/usbh_ioreq.o
                0x000000000800bdfa                USBH_BulkSendData
 .text.USBH_BulkReceiveData
                0x000000000800be44       0x3c ./Middlewares/ST/STM32_USB_Host_Library/Core/Src/usbh_ioreq.o
                0x000000000800be44                USBH_BulkReceiveData
 .text.USBH_OpenPipe
                0x000000000800be80       0x3e ./Middlewares/ST/STM32_USB_Host_Library/Core/Src/usbh_pipes.o
                0x000000000800be80                USBH_OpenPipe
 .text.USBH_ClosePipe
                0x000000000800bebe       0x20 ./Middlewares/ST/STM32_USB_Host_Library/Core/Src/usbh_pipes.o
                0x000000000800bebe                USBH_ClosePipe
 .text.USBH_AllocPipe
                0x000000000800bede       0x42 ./Middlewares/ST/STM32_USB_Host_Library/Core/Src/usbh_pipes.o
                0x000000000800bede                USBH_AllocPipe
 .text.USBH_FreePipe
                0x000000000800bf20       0x3c ./Middlewares/ST/STM32_USB_Host_Library/Core/Src/usbh_pipes.o
                0x000000000800bf20                USBH_FreePipe
 .text.USBH_GetFreePipe
                0x000000000800bf5c       0x48 ./Middlewares/ST/STM32_USB_Host_Library/Core/Src/usbh_pipes.o
 .text.disk_status
                0x000000000800bfa4       0x34 ./Middlewares/Third_Party/FatFs/src/diskio.o
                0x000000000800bfa4                disk_status
 .text.disk_initialize
                0x000000000800bfd8       0x4c ./Middlewares/Third_Party/FatFs/src/diskio.o
                0x000000000800bfd8                disk_initialize
 .text.disk_read
                0x000000000800c024       0x40 ./Middlewares/Third_Party/FatFs/src/diskio.o
                0x000000000800c024                disk_read
 .text.disk_write
                0x000000000800c064       0x40 ./Middlewares/Third_Party/FatFs/src/diskio.o
                0x000000000800c064                disk_write
 .text.disk_ioctl
                0x000000000800c0a4       0x3c ./Middlewares/Third_Party/FatFs/src/diskio.o
                0x000000000800c0a4                disk_ioctl
 .text.ld_word  0x000000000800c0e0       0x30 ./Middlewares/Third_Party/FatFs/src/ff.o
 .text.ld_dword
                0x000000000800c110       0x46 ./Middlewares/Third_Party/FatFs/src/ff.o
 .text.st_word  0x000000000800c156       0x36 ./Middlewares/Third_Party/FatFs/src/ff.o
 .text.st_dword
                0x000000000800c18c       0x58 ./Middlewares/Third_Party/FatFs/src/ff.o
 .text.mem_cpy  0x000000000800c1e4       0x42 ./Middlewares/Third_Party/FatFs/src/ff.o
 .text.mem_set  0x000000000800c226       0x36 ./Middlewares/Third_Party/FatFs/src/ff.o
 .text.mem_cmp  0x000000000800c25c       0x4e ./Middlewares/Third_Party/FatFs/src/ff.o
 .text.chk_chr  0x000000000800c2aa       0x36 ./Middlewares/Third_Party/FatFs/src/ff.o
 .text.chk_lock
                0x000000000800c2e0       0xb8 ./Middlewares/Third_Party/FatFs/src/ff.o
 .text.enq_lock
                0x000000000800c398       0x44 ./Middlewares/Third_Party/FatFs/src/ff.o
 .text.inc_lock
                0x000000000800c3dc      0x11c ./Middlewares/Third_Party/FatFs/src/ff.o
 .text.dec_lock
                0x000000000800c4f8       0x78 ./Middlewares/Third_Party/FatFs/src/ff.o
 .text.clear_lock
                0x000000000800c570       0x48 ./Middlewares/Third_Party/FatFs/src/ff.o
 .text.sync_window
                0x000000000800c5b8       0x88 ./Middlewares/Third_Party/FatFs/src/ff.o
 .text.move_window
                0x000000000800c640       0x5a ./Middlewares/Third_Party/FatFs/src/ff.o
 *fill*         0x000000000800c69a        0x2 
 .text.sync_fs  0x000000000800c69c       0xdc ./Middlewares/Third_Party/FatFs/src/ff.o
 .text.clust2sect
                0x000000000800c778       0x3e ./Middlewares/Third_Party/FatFs/src/ff.o
 .text.get_fat  0x000000000800c7b6      0x150 ./Middlewares/Third_Party/FatFs/src/ff.o
 .text.put_fat  0x000000000800c906      0x1d4 ./Middlewares/Third_Party/FatFs/src/ff.o
 .text.remove_chain
                0x000000000800cada       0xca ./Middlewares/Third_Party/FatFs/src/ff.o
 .text.create_chain
                0x000000000800cba4      0x130 ./Middlewares/Third_Party/FatFs/src/ff.o
 .text.clmt_clust
                0x000000000800ccd4       0x68 ./Middlewares/Third_Party/FatFs/src/ff.o
 .text.dir_sdi  0x000000000800cd3c       0xf6 ./Middlewares/Third_Party/FatFs/src/ff.o
 .text.dir_next
                0x000000000800ce32      0x18a ./Middlewares/Third_Party/FatFs/src/ff.o
 .text.dir_alloc
                0x000000000800cfbc       0x8e ./Middlewares/Third_Party/FatFs/src/ff.o
 .text.ld_clust
                0x000000000800d04a       0x3e ./Middlewares/Third_Party/FatFs/src/ff.o
 .text.st_clust
                0x000000000800d088       0x40 ./Middlewares/Third_Party/FatFs/src/ff.o
 .text.cmp_lfn  0x000000000800d0c8       0xe0 ./Middlewares/Third_Party/FatFs/src/ff.o
 .text.pick_lfn
                0x000000000800d1a8       0xc8 ./Middlewares/Third_Party/FatFs/src/ff.o
 .text.put_lfn  0x000000000800d270       0xd0 ./Middlewares/Third_Party/FatFs/src/ff.o
 .text.gen_numname
                0x000000000800d340      0x11c ./Middlewares/Third_Party/FatFs/src/ff.o
 .text.sum_sfn  0x000000000800d45c       0x42 ./Middlewares/Third_Party/FatFs/src/ff.o
 .text.dir_read
                0x000000000800d49e      0x14e ./Middlewares/Third_Party/FatFs/src/ff.o
 .text.dir_find
                0x000000000800d5ec      0x180 ./Middlewares/Third_Party/FatFs/src/ff.o
 .text.dir_register
                0x000000000800d76c      0x1f0 ./Middlewares/Third_Party/FatFs/src/ff.o
 .text.get_fileinfo
                0x000000000800d95c      0x1ba ./Middlewares/Third_Party/FatFs/src/ff.o
 *fill*         0x000000000800db16        0x2 
 .text.create_name
                0x000000000800db18      0x370 ./Middlewares/Third_Party/FatFs/src/ff.o
 .text.follow_path
                0x000000000800de88       0xe2 ./Middlewares/Third_Party/FatFs/src/ff.o
 .text.get_ldnumber
                0x000000000800df6a       0x88 ./Middlewares/Third_Party/FatFs/src/ff.o
 *fill*         0x000000000800dff2        0x2 
 .text.check_fs
                0x000000000800dff4       0xac ./Middlewares/Third_Party/FatFs/src/ff.o
 .text.find_volume
                0x000000000800e0a0      0x4a0 ./Middlewares/Third_Party/FatFs/src/ff.o
 .text.validate
                0x000000000800e540       0x6a ./Middlewares/Third_Party/FatFs/src/ff.o
 *fill*         0x000000000800e5aa        0x2 
 .text.f_mount  0x000000000800e5ac       0x8c ./Middlewares/Third_Party/FatFs/src/ff.o
                0x000000000800e5ac                f_mount
 .text.f_open   0x000000000800e638      0x37c ./Middlewares/Third_Party/FatFs/src/ff.o
                0x000000000800e638                f_open
 .text.f_read   0x000000000800e9b4      0x27e ./Middlewares/Third_Party/FatFs/src/ff.o
                0x000000000800e9b4                f_read
 .text.f_sync   0x000000000800ec32       0xfc ./Middlewares/Third_Party/FatFs/src/ff.o
                0x000000000800ec32                f_sync
 .text.f_close  0x000000000800ed2e       0x54 ./Middlewares/Third_Party/FatFs/src/ff.o
                0x000000000800ed2e                f_close
 .text.f_lseek  0x000000000800ed82      0x412 ./Middlewares/Third_Party/FatFs/src/ff.o
                0x000000000800ed82                f_lseek
 .text.f_opendir
                0x000000000800f194       0xe6 ./Middlewares/Third_Party/FatFs/src/ff.o
                0x000000000800f194                f_opendir
 .text.f_closedir
                0x000000000800f27a       0x4c ./Middlewares/Third_Party/FatFs/src/ff.o
                0x000000000800f27a                f_closedir
 .text.f_readdir
                0x000000000800f2c6       0x7a ./Middlewares/Third_Party/FatFs/src/ff.o
                0x000000000800f2c6                f_readdir
 .text.FATFS_LinkDriverEx
                0x000000000800f340       0x98 ./Middlewares/Third_Party/FatFs/src/ff_gen_drv.o
                0x000000000800f340                FATFS_LinkDriverEx
 .text.FATFS_LinkDriver
                0x000000000800f3d8       0x1e ./Middlewares/Third_Party/FatFs/src/ff_gen_drv.o
                0x000000000800f3d8                FATFS_LinkDriver
 *fill*         0x000000000800f3f6        0x2 
 .text.ff_convert
                0x000000000800f3f8       0x78 ./Middlewares/Third_Party/FatFs/src/option/ccsbcs.o
                0x000000000800f3f8                ff_convert
 .text.ff_wtoupper
                0x000000000800f470      0x114 ./Middlewares/Third_Party/FatFs/src/option/ccsbcs.o
                0x000000000800f470                ff_wtoupper
 .text.MX_USB_HOST_Init
                0x000000000800f584       0x4c ./USB_HOST/App/usb_host.o
                0x000000000800f584                MX_USB_HOST_Init
 .text.MX_USB_HOST_Process
                0x000000000800f5d0       0x14 ./USB_HOST/App/usb_host.o
                0x000000000800f5d0                MX_USB_HOST_Process
 .text.USBH_UserProcess
                0x000000000800f5e4       0x5c ./USB_HOST/App/usb_host.o
 .text.HAL_HCD_MspInit
                0x000000000800f640       0xc4 ./USB_HOST/Target/usbh_conf.o
                0x000000000800f640                HAL_HCD_MspInit
 .text.HAL_HCD_SOF_Callback
                0x000000000800f704       0x1c ./USB_HOST/Target/usbh_conf.o
                0x000000000800f704                HAL_HCD_SOF_Callback
 .text.HAL_HCD_Connect_Callback
                0x000000000800f720       0x1c ./USB_HOST/Target/usbh_conf.o
                0x000000000800f720                HAL_HCD_Connect_Callback
 .text.HAL_HCD_Disconnect_Callback
                0x000000000800f73c       0x1c ./USB_HOST/Target/usbh_conf.o
                0x000000000800f73c                HAL_HCD_Disconnect_Callback
 .text.HAL_HCD_HC_NotifyURBChange_Callback
                0x000000000800f758       0x1c ./USB_HOST/Target/usbh_conf.o
                0x000000000800f758                HAL_HCD_HC_NotifyURBChange_Callback
 .text.HAL_HCD_PortEnabled_Callback
                0x000000000800f774       0x1c ./USB_HOST/Target/usbh_conf.o
                0x000000000800f774                HAL_HCD_PortEnabled_Callback
 .text.HAL_HCD_PortDisabled_Callback
                0x000000000800f790       0x1c ./USB_HOST/Target/usbh_conf.o
                0x000000000800f790                HAL_HCD_PortDisabled_Callback
 .text.USBH_LL_Init
                0x000000000800f7ac       0x78 ./USB_HOST/Target/usbh_conf.o
                0x000000000800f7ac                USBH_LL_Init
 .text.USBH_LL_Start
                0x000000000800f824       0x36 ./USB_HOST/Target/usbh_conf.o
                0x000000000800f824                USBH_LL_Start
 .text.USBH_LL_Stop
                0x000000000800f85a       0x36 ./USB_HOST/Target/usbh_conf.o
                0x000000000800f85a                USBH_LL_Stop
 .text.USBH_LL_GetSpeed
                0x000000000800f890       0x4e ./USB_HOST/Target/usbh_conf.o
                0x000000000800f890                USBH_LL_GetSpeed
 .text.USBH_LL_ResetPort
                0x000000000800f8de       0x36 ./USB_HOST/Target/usbh_conf.o
                0x000000000800f8de                USBH_LL_ResetPort
 .text.USBH_LL_GetLastXferSize
                0x000000000800f914       0x26 ./USB_HOST/Target/usbh_conf.o
                0x000000000800f914                USBH_LL_GetLastXferSize
 .text.USBH_LL_OpenPipe
                0x000000000800f93a       0x5e ./USB_HOST/Target/usbh_conf.o
                0x000000000800f93a                USBH_LL_OpenPipe
 .text.USBH_LL_ClosePipe
                0x000000000800f998       0x3e ./USB_HOST/Target/usbh_conf.o
                0x000000000800f998                USBH_LL_ClosePipe
 .text.USBH_LL_SubmitURB
                0x000000000800f9d6       0x62 ./USB_HOST/Target/usbh_conf.o
                0x000000000800f9d6                USBH_LL_SubmitURB
 .text.USBH_LL_GetURBState
                0x000000000800fa38       0x26 ./USB_HOST/Target/usbh_conf.o
                0x000000000800fa38                USBH_LL_GetURBState
 .text.USBH_LL_DriverVBUS
                0x000000000800fa5e       0x2e ./USB_HOST/Target/usbh_conf.o
                0x000000000800fa5e                USBH_LL_DriverVBUS
 .text.USBH_LL_SetToggle
                0x000000000800fa8c       0x60 ./USB_HOST/Target/usbh_conf.o
                0x000000000800fa8c                USBH_LL_SetToggle
 .text.USBH_LL_GetToggle
                0x000000000800faec       0x60 ./USB_HOST/Target/usbh_conf.o
                0x000000000800faec                USBH_LL_GetToggle
 .text.USBH_Delay
                0x000000000800fb4c       0x16 ./USB_HOST/Target/usbh_conf.o
                0x000000000800fb4c                USBH_Delay
 *fill*         0x000000000800fb62        0x2 
 .text.USBH_Get_USB_Status
                0x000000000800fb64       0x58 ./USB_HOST/Target/usbh_conf.o
                0x000000000800fb64                USBH_Get_USB_Status
 .text.MX_DriverVbusFS
                0x000000000800fbbc       0x38 ./USB_HOST/Target/usbh_platform.o
                0x000000000800fbbc                MX_DriverVbusFS
 .text.malloc   0x000000000800fbf4       0x10 C:/ST/STM32CubeIDE_1.13.2/STM32CubeIDE/plugins/com.st.stm32cube.ide.mcu.externaltools.gnu-tools-for-stm32.11.3.rel1.win32_1.1.1.202309131626/tools/bin/../lib/gcc/arm-none-eabi/11.3.1/../../../../arm-none-eabi/lib/thumb/v7e-m+fp/hard\libc_nano.a(libc_a-malloc.o)
                0x000000000800fbf4                malloc
 .text.free     0x000000000800fc04       0x10 C:/ST/STM32CubeIDE_1.13.2/STM32CubeIDE/plugins/com.st.stm32cube.ide.mcu.externaltools.gnu-tools-for-stm32.11.3.rel1.win32_1.1.1.202309131626/tools/bin/../lib/gcc/arm-none-eabi/11.3.1/../../../../arm-none-eabi/lib/thumb/v7e-m+fp/hard\libc_nano.a(libc_a-malloc.o)
                0x000000000800fc04                free
 .text.sbrk_aligned
                0x000000000800fc14       0x40 C:/ST/STM32CubeIDE_1.13.2/STM32CubeIDE/plugins/com.st.stm32cube.ide.mcu.externaltools.gnu-tools-for-stm32.11.3.rel1.win32_1.1.1.202309131626/tools/bin/../lib/gcc/arm-none-eabi/11.3.1/../../../../arm-none-eabi/lib/thumb/v7e-m+fp/hard\libc_nano.a(libc_a-mallocr.o)
 .text._malloc_r
                0x000000000800fc54      0x100 C:/ST/STM32CubeIDE_1.13.2/STM32CubeIDE/plugins/com.st.stm32cube.ide.mcu.externaltools.gnu-tools-for-stm32.11.3.rel1.win32_1.1.1.202309131626/tools/bin/../lib/gcc/arm-none-eabi/11.3.1/../../../../arm-none-eabi/lib/thumb/v7e-m+fp/hard\libc_nano.a(libc_a-mallocr.o)
                0x000000000800fc54                _malloc_r
 .text.__malloc_lock
                0x000000000800fd54        0xc C:/ST/STM32CubeIDE_1.13.2/STM32CubeIDE/plugins/com.st.stm32cube.ide.mcu.externaltools.gnu-tools-for-stm32.11.3.rel1.win32_1.1.1.202309131626/tools/bin/../lib/gcc/arm-none-eabi/11.3.1/../../../../arm-none-eabi/lib/thumb/v7e-m+fp/hard\libc_nano.a(libc_a-mlock.o)
                0x000000000800fd54                __malloc_lock
 .text.__malloc_unlock
                0x000000000800fd60        0xc C:/ST/STM32CubeIDE_1.13.2/STM32CubeIDE/plugins/com.st.stm32cube.ide.mcu.externaltools.gnu-tools-for-stm32.11.3.rel1.win32_1.1.1.202309131626/tools/bin/../lib/gcc/arm-none-eabi/11.3.1/../../../../arm-none-eabi/lib/thumb/v7e-m+fp/hard\libc_nano.a(libc_a-mlock.o)
                0x000000000800fd60                __malloc_unlock
 .text.memset   0x000000000800fd6c       0x10 C:/ST/STM32CubeIDE_1.13.2/STM32CubeIDE/plugins/com.st.stm32cube.ide.mcu.externaltools.gnu-tools-for-stm32.11.3.rel1.win32_1.1.1.202309131626/tools/bin/../lib/gcc/arm-none-eabi/11.3.1/../../../../arm-none-eabi/lib/thumb/v7e-m+fp/hard\libc_nano.a(libc_a-memset.o)
                0x000000000800fd6c                memset
 .text.strncpy  0x000000000800fd7c       0x26 C:/ST/STM32CubeIDE_1.13.2/STM32CubeIDE/plugins/com.st.stm32cube.ide.mcu.externaltools.gnu-tools-for-stm32.11.3.rel1.win32_1.1.1.202309131626/tools/bin/../lib/gcc/arm-none-eabi/11.3.1/../../../../arm-none-eabi/lib/thumb/v7e-m+fp/hard\libc_nano.a(libc_a-strncpy.o)
                0x000000000800fd7c                strncpy
 .text.strstr   0x000000000800fda2       0x2c C:/ST/STM32CubeIDE_1.13.2/STM32CubeIDE/plugins/com.st.stm32cube.ide.mcu.externaltools.gnu-tools-for-stm32.11.3.rel1.win32_1.1.1.202309131626/tools/bin/../lib/gcc/arm-none-eabi/11.3.1/../../../../arm-none-eabi/lib/thumb/v7e-m+fp/hard\libc_nano.a(libc_a-strstr.o)
                0x000000000800fda2                strstr
 *fill*         0x000000000800fdce        0x2 
 .text._sbrk_r  0x000000000800fdd0       0x20 C:/ST/STM32CubeIDE_1.13.2/STM32CubeIDE/plugins/com.st.stm32cube.ide.mcu.externaltools.gnu-tools-for-stm32.11.3.rel1.win32_1.1.1.202309131626/tools/bin/../lib/gcc/arm-none-eabi/11.3.1/../../../../arm-none-eabi/lib/thumb/v7e-m+fp/hard\libc_nano.a(libc_a-sbrkr.o)
                0x000000000800fdd0                _sbrk_r
 .text.__errno  0x000000000800fdf0        0xc C:/ST/STM32CubeIDE_1.13.2/STM32CubeIDE/plugins/com.st.stm32cube.ide.mcu.externaltools.gnu-tools-for-stm32.11.3.rel1.win32_1.1.1.202309131626/tools/bin/../lib/gcc/arm-none-eabi/11.3.1/../../../../arm-none-eabi/lib/thumb/v7e-m+fp/hard\libc_nano.a(libc_a-errno.o)
                0x000000000800fdf0                __errno
 .text.__libc_init_array
                0x000000000800fdfc       0x48 C:/ST/STM32CubeIDE_1.13.2/STM32CubeIDE/plugins/com.st.stm32cube.ide.mcu.externaltools.gnu-tools-for-stm32.11.3.rel1.win32_1.1.1.202309131626/tools/bin/../lib/gcc/arm-none-eabi/11.3.1/../../../../arm-none-eabi/lib/thumb/v7e-m+fp/hard\libc_nano.a(libc_a-init.o)
                0x000000000800fdfc                __libc_init_array
 .text.__retarget_lock_acquire_recursive
                0x000000000800fe44        0x2 C:/ST/STM32CubeIDE_1.13.2/STM32CubeIDE/plugins/com.st.stm32cube.ide.mcu.externaltools.gnu-tools-for-stm32.11.3.rel1.win32_1.1.1.202309131626/tools/bin/../lib/gcc/arm-none-eabi/11.3.1/../../../../arm-none-eabi/lib/thumb/v7e-m+fp/hard\libc_nano.a(libc_a-lock.o)
                0x000000000800fe44                __retarget_lock_acquire_recursive
 .text.__retarget_lock_release_recursive
                0x000000000800fe46        0x2 C:/ST/STM32CubeIDE_1.13.2/STM32CubeIDE/plugins/com.st.stm32cube.ide.mcu.externaltools.gnu-tools-for-stm32.11.3.rel1.win32_1.1.1.202309131626/tools/bin/../lib/gcc/arm-none-eabi/11.3.1/../../../../arm-none-eabi/lib/thumb/v7e-m+fp/hard\libc_nano.a(libc_a-lock.o)
                0x000000000800fe46                __retarget_lock_release_recursive
 .text.memcpy   0x000000000800fe48       0x1c C:/ST/STM32CubeIDE_1.13.2/STM32CubeIDE/plugins/com.st.stm32cube.ide.mcu.externaltools.gnu-tools-for-stm32.11.3.rel1.win32_1.1.1.202309131626/tools/bin/../lib/gcc/arm-none-eabi/11.3.1/../../../../arm-none-eabi/lib/thumb/v7e-m+fp/hard\libc_nano.a(libc_a-memcpy-stub.o)
                0x000000000800fe48                memcpy
 .text._free_r  0x000000000800fe64       0x98 C:/ST/STM32CubeIDE_1.13.2/STM32CubeIDE/plugins/com.st.stm32cube.ide.mcu.externaltools.gnu-tools-for-stm32.11.3.rel1.win32_1.1.1.202309131626/tools/bin/../lib/gcc/arm-none-eabi/11.3.1/../../../../arm-none-eabi/lib/thumb/v7e-m+fp/hard\libc_nano.a(libc_a-freer.o)
                0x000000000800fe64                _free_r
 *(.glue_7)
 .glue_7        0x000000000800fefc        0x0 linker stubs
 *(.glue_7t)
 .glue_7t       0x000000000800fefc        0x0 linker stubs
 *(.eh_frame)
 .eh_frame      0x000000000800fefc        0x0 C:/ST/STM32CubeIDE_1.13.2/STM32CubeIDE/plugins/com.st.stm32cube.ide.mcu.externaltools.gnu-tools-for-stm32.11.3.rel1.win32_1.1.1.202309131626/tools/bin/../lib/gcc/arm-none-eabi/11.3.1/thumb/v7e-m+fp/hard/crtbegin.o
 *(.init)
 .init          0x000000000800fefc        0x4 C:/ST/STM32CubeIDE_1.13.2/STM32CubeIDE/plugins/com.st.stm32cube.ide.mcu.externaltools.gnu-tools-for-stm32.11.3.rel1.win32_1.1.1.202309131626/tools/bin/../lib/gcc/arm-none-eabi/11.3.1/thumb/v7e-m+fp/hard/crti.o
                0x000000000800fefc                _init
 .init          0x000000000800ff00        0x8 C:/ST/STM32CubeIDE_1.13.2/STM32CubeIDE/plugins/com.st.stm32cube.ide.mcu.externaltools.gnu-tools-for-stm32.11.3.rel1.win32_1.1.1.202309131626/tools/bin/../lib/gcc/arm-none-eabi/11.3.1/thumb/v7e-m+fp/hard/crtn.o
 *(.fini)
 .fini          0x000000000800ff08        0x4 C:/ST/STM32CubeIDE_1.13.2/STM32CubeIDE/plugins/com.st.stm32cube.ide.mcu.externaltools.gnu-tools-for-stm32.11.3.rel1.win32_1.1.1.202309131626/tools/bin/../lib/gcc/arm-none-eabi/11.3.1/thumb/v7e-m+fp/hard/crti.o
                0x000000000800ff08                _fini
 .fini          0x000000000800ff0c        0x8 C:/ST/STM32CubeIDE_1.13.2/STM32CubeIDE/plugins/com.st.stm32cube.ide.mcu.externaltools.gnu-tools-for-stm32.11.3.rel1.win32_1.1.1.202309131626/tools/bin/../lib/gcc/arm-none-eabi/11.3.1/thumb/v7e-m+fp/hard/crtn.o
                0x000000000800ff14                . = ALIGN (0x4)
                0x000000000800ff14                _etext = .

.vfp11_veneer   0x000000000800ff14        0x0
 .vfp11_veneer  0x000000000800ff14        0x0 linker stubs

.v4_bx          0x000000000800ff14        0x0
 .v4_bx         0x000000000800ff14        0x0 linker stubs

.iplt           0x000000000800ff14        0x0
 .iplt          0x000000000800ff14        0x0 C:/ST/STM32CubeIDE_1.13.2/STM32CubeIDE/plugins/com.st.stm32cube.ide.mcu.externaltools.gnu-tools-for-stm32.11.3.rel1.win32_1.1.1.202309131626/tools/bin/../lib/gcc/arm-none-eabi/11.3.1/thumb/v7e-m+fp/hard/crtbegin.o

.rodata         0x000000000800ff14      0x528
                0x000000000800ff14                . = ALIGN (0x4)
 *(.rodata)
 .rodata        0x000000000800ff14        0x8 ./Core/Src/File_Handling.o
 .rodata        0x000000000800ff1c        0x4 ./Middlewares/ST/STM32_USB_Host_Library/Class/MSC/Src/usbh_msc.o
 .rodata        0x000000000800ff20       0x48 ./Middlewares/Third_Party/FatFs/src/ff.o
 *(.rodata*)
 .rodata.I2SFreq
                0x000000000800ff68       0x20 ./Core/Src/AUDIO.o
                0x000000000800ff68                I2SFreq
 .rodata.I2SPLLN
                0x000000000800ff88       0x20 ./Core/Src/AUDIO.o
                0x000000000800ff88                I2SPLLN
 .rodata.I2SPLLR
                0x000000000800ffa8       0x20 ./Core/Src/AUDIO.o
                0x000000000800ffa8                I2SPLLR
 .rodata.AHBPrescTable
                0x000000000800ffc8       0x10 ./Core/Src/system_stm32f4xx.o
                0x000000000800ffc8                AHBPrescTable
 .rodata.APBPrescTable
                0x000000000800ffd8        0x8 ./Core/Src/system_stm32f4xx.o
                0x000000000800ffd8                APBPrescTable
 .rodata.flagBitshiftOffset.0
                0x000000000800ffe0        0x8 ./Drivers/STM32F4xx_HAL_Driver/Src/stm32f4xx_hal_dma.o
 .rodata.USBH_Driver
                0x000000000800ffe8       0x14 ./FATFS/Target/usbh_diskio.o
                0x000000000800ffe8                USBH_Driver
 .rodata.ExCvt  0x000000000800fffc       0x80 ./Middlewares/Third_Party/FatFs/src/ff.o
 .rodata.LfnOfs
                0x000000000801007c        0xd ./Middlewares/Third_Party/FatFs/src/ff.o
 *fill*         0x0000000008010089        0x3 
 .rodata.Tbl    0x000000000801008c      0x100 ./Middlewares/Third_Party/FatFs/src/option/ccsbcs.o
 .rodata.cvt1.1
                0x000000000801018c      0x1f2 ./Middlewares/Third_Party/FatFs/src/option/ccsbcs.o
 *fill*         0x000000000801037e        0x2 
 .rodata.cvt2.0
                0x0000000008010380       0xbc ./Middlewares/Third_Party/FatFs/src/option/ccsbcs.o
                0x000000000801043c                . = ALIGN (0x4)

.ARM.extab      0x000000000801043c        0x0
                0x000000000801043c                . = ALIGN (0x4)
 *(.ARM.extab* .gnu.linkonce.armextab.*)
                0x000000000801043c                . = ALIGN (0x4)

.ARM            0x000000000801043c        0x8
                0x000000000801043c                . = ALIGN (0x4)
                0x000000000801043c                __exidx_start = .
 *(.ARM.exidx*)
 .ARM.exidx     0x000000000801043c        0x8 C:/ST/STM32CubeIDE_1.13.2/STM32CubeIDE/plugins/com.st.stm32cube.ide.mcu.externaltools.gnu-tools-for-stm32.11.3.rel1.win32_1.1.1.202309131626/tools/bin/../lib/gcc/arm-none-eabi/11.3.1/thumb/v7e-m+fp/hard\libgcc.a(_udivmoddi4.o)
                0x0000000008010444                __exidx_end = .
                0x0000000008010444                . = ALIGN (0x4)

.rel.dyn        0x0000000008010444        0x0
 .rel.iplt      0x0000000008010444        0x0 C:/ST/STM32CubeIDE_1.13.2/STM32CubeIDE/plugins/com.st.stm32cube.ide.mcu.externaltools.gnu-tools-for-stm32.11.3.rel1.win32_1.1.1.202309131626/tools/bin/../lib/gcc/arm-none-eabi/11.3.1/thumb/v7e-m+fp/hard/crtbegin.o

.preinit_array  0x0000000008010444        0x0
                0x0000000008010444                . = ALIGN (0x4)
                0x0000000008010444                PROVIDE (__preinit_array_start = .)
 *(.preinit_array*)
                0x0000000008010444                PROVIDE (__preinit_array_end = .)
                0x0000000008010444                . = ALIGN (0x4)

.init_array     0x0000000008010444        0x4
                0x0000000008010444                . = ALIGN (0x4)
                0x0000000008010444                PROVIDE (__init_array_start = .)
 *(SORT_BY_NAME(.init_array.*))
 *(.init_array*)
 .init_array    0x0000000008010444        0x4 C:/ST/STM32CubeIDE_1.13.2/STM32CubeIDE/plugins/com.st.stm32cube.ide.mcu.externaltools.gnu-tools-for-stm32.11.3.rel1.win32_1.1.1.202309131626/tools/bin/../lib/gcc/arm-none-eabi/11.3.1/thumb/v7e-m+fp/hard/crtbegin.o
                0x0000000008010448                PROVIDE (__init_array_end = .)
                0x0000000008010448                . = ALIGN (0x4)

.fini_array     0x0000000008010448        0x4
                0x0000000008010448                . = ALIGN (0x4)
                [!provide]                        PROVIDE (__fini_array_start = .)
 *(SORT_BY_NAME(.fini_array.*))
 *(.fini_array*)
 .fini_array    0x0000000008010448        0x4 C:/ST/STM32CubeIDE_1.13.2/STM32CubeIDE/plugins/com.st.stm32cube.ide.mcu.externaltools.gnu-tools-for-stm32.11.3.rel1.win32_1.1.1.202309131626/tools/bin/../lib/gcc/arm-none-eabi/11.3.1/thumb/v7e-m+fp/hard/crtbegin.o
                [!provide]                        PROVIDE (__fini_array_end = .)
                0x000000000801044c                . = ALIGN (0x4)
                0x000000000801044c                _sidata = LOADADDR (.data)

.data           0x0000000020000000       0xb8 load address 0x000000000801044c
                0x0000000020000000                . = ALIGN (0x4)
                0x0000000020000000                _sdata = .
 *(.data)
 *(.data*)
 .data.I2cxTimeout
                0x0000000020000000        0x4 ./Core/Src/AUDIO_LINK.o
                0x0000000020000000                I2cxTimeout
 .data.cs43l22_drv
                0x0000000020000004       0x30 ./Core/Src/cs43l22.o
                0x0000000020000004                cs43l22_drv
 .data.Is_cs43l22_Stop
                0x0000000020000034        0x1 ./Core/Src/cs43l22.o
 *fill*         0x0000000020000035        0x3 
 .data.SystemCoreClock
                0x0000000020000038        0x4 ./Core/Src/system_stm32f4xx.o
                0x0000000020000038                SystemCoreClock
 .data.uwVolume
                0x000000002000003c        0x4 ./Core/Src/waveplayer.o
 .data.uwTickPrio
                0x0000000020000040        0x4 ./Drivers/STM32F4xx_HAL_Driver/Src/stm32f4xx_hal.o
                0x0000000020000040                uwTickPrio
 .data.uwTickFreq
                0x0000000020000044        0x1 ./Drivers/STM32F4xx_HAL_Driver/Src/stm32f4xx_hal.o
                0x0000000020000044                uwTickFreq
 *fill*         0x0000000020000045        0x3 
 .data.USBH_msc
                0x0000000020000048       0x20 ./Middlewares/ST/STM32_USB_Host_Library/Class/MSC/Src/usbh_msc.o
                0x0000000020000048                USBH_msc
 .data._impure_data
                0x0000000020000068       0x4c C:/ST/STM32CubeIDE_1.13.2/STM32CubeIDE/plugins/com.st.stm32cube.ide.mcu.externaltools.gnu-tools-for-stm32.11.3.rel1.win32_1.1.1.202309131626/tools/bin/../lib/gcc/arm-none-eabi/11.3.1/../../../../arm-none-eabi/lib/thumb/v7e-m+fp/hard\libc_nano.a(libc_a-impure.o)
                0x0000000020000068                _impure_data
 .data._impure_ptr
                0x00000000200000b4        0x4 C:/ST/STM32CubeIDE_1.13.2/STM32CubeIDE/plugins/com.st.stm32cube.ide.mcu.externaltools.gnu-tools-for-stm32.11.3.rel1.win32_1.1.1.202309131626/tools/bin/../lib/gcc/arm-none-eabi/11.3.1/../../../../arm-none-eabi/lib/thumb/v7e-m+fp/hard\libc_nano.a(libc_a-impure.o)
                0x00000000200000b4                _impure_ptr
 *(.RamFunc)
 *(.RamFunc*)
                0x00000000200000b8                . = ALIGN (0x4)
                0x00000000200000b8                _edata = .
                0x0000000008010504                _siccmram = LOADADDR (.ccmram)

.igot.plt       0x00000000200000b8        0x0 load address 0x0000000008010504
 .igot.plt      0x00000000200000b8        0x0 C:/ST/STM32CubeIDE_1.13.2/STM32CubeIDE/plugins/com.st.stm32cube.ide.mcu.externaltools.gnu-tools-for-stm32.11.3.rel1.win32_1.1.1.202309131626/tools/bin/../lib/gcc/arm-none-eabi/11.3.1/thumb/v7e-m+fp/hard/crtbegin.o

.ccmram         0x0000000010000000        0x0 load address 0x0000000008010504
                0x0000000010000000                . = ALIGN (0x4)
                0x0000000010000000                _sccmram = .
 *(.ccmram)
 *(.ccmram*)
                0x0000000010000000                . = ALIGN (0x4)
                0x0000000010000000                _eccmram = .
                0x0000000010000000                . = ALIGN (0x4)

.bss            0x00000000200000b8     0x2550
                0x00000000200000b8                _sbss = .
                0x00000000200000b8                __bss_start__ = _sbss
 *(.bss)
 .bss           0x00000000200000b8       0x1c C:/ST/STM32CubeIDE_1.13.2/STM32CubeIDE/plugins/com.st.stm32cube.ide.mcu.externaltools.gnu-tools-for-stm32.11.3.rel1.win32_1.1.1.202309131626/tools/bin/../lib/gcc/arm-none-eabi/11.3.1/thumb/v7e-m+fp/hard/crtbegin.o
 *(.bss*)
 .bss.pAudioDrv
                0x00000000200000d4        0x4 ./Core/Src/AUDIO.o
 .bss.hAudioOutI2s
                0x00000000200000d8       0x48 ./Core/Src/AUDIO.o
                0x00000000200000d8                hAudioOutI2s
 .bss.hdma_i2sTx.0
                0x0000000020000120       0x60 ./Core/Src/AUDIO.o
 .bss.I2cHandle
                0x0000000020000180       0x54 ./Core/Src/AUDIO_LINK.o
 .bss.fresult   0x00000000200001d4        0x1 ./Core/Src/File_Handling.o
                0x00000000200001d4                fresult
 *fill*         0x00000000200001d5        0x1 
 .bss.NumObs    0x00000000200001d6        0x2 ./Core/Src/File_Handling.o
                0x00000000200001d6                NumObs
 .bss.OutputDev
                0x00000000200001d8        0x1 ./Core/Src/cs43l22.o
                0x00000000200001d8                OutputDev
 *fill*         0x00000000200001d9        0x3 
 .bss.hi2c1     0x00000000200001dc       0x54 ./Core/Src/main.o
                0x00000000200001dc                hi2c1
 .bss.hi2s3     0x0000000020000230       0x48 ./Core/Src/main.o
                0x0000000020000230                hi2s3
 .bss.hdma_spi3_tx
                0x0000000020000278       0x60 ./Core/Src/main.o
                0x0000000020000278                hdma_spi3_tx
 .bss.IsFinixhed
                0x00000000200002d8        0x4 ./Core/Src/main.o
                0x00000000200002d8                IsFinixhed
 .bss.htim1     0x00000000200002dc       0x48 ./Core/Src/stm32f4xx_hal_timebase_tim.o
                0x00000000200002dc                htim1
 .bss.__sbrk_heap_end
                0x0000000020000324        0x4 ./Core/Src/sysmem.o
 .bss.BufferCtl
                0x0000000020000328     0x1008 ./Core/Src/waveplayer.o
 .bss.AudioState
                0x0000000020001330        0x1 ./Core/Src/waveplayer.o
                0x0000000020001330                AudioState
 *fill*         0x0000000020001331        0x1 
 .bss.FilePos   0x0000000020001332        0x2 ./Core/Src/waveplayer.o
 .bss.FileList  0x0000000020001334      0x3da ./Core/Src/waveplayer.o
                0x0000000020001334                FileList
 *fill*         0x000000002000170e        0x2 
 .bss.WaveFormat
                0x0000000020001710       0x2c ./Core/Src/waveplayer.o
                0x0000000020001710                WaveFormat
 .bss.WavFile   0x000000002000173c      0x230 ./Core/Src/waveplayer.o
                0x000000002000173c                WavFile
 .bss.uwTick    0x000000002000196c        0x4 ./Drivers/STM32F4xx_HAL_Driver/Src/stm32f4xx_hal.o
                0x000000002000196c                uwTick
 .bss.retUSBH   0x0000000020001970        0x1 ./FATFS/App/fatfs.o
                0x0000000020001970                retUSBH
 *fill*         0x0000000020001971        0x3 
 .bss.USBHPath  0x0000000020001974        0x4 ./FATFS/App/fatfs.o
                0x0000000020001974                USBHPath
 .bss.USBHFatFS
                0x0000000020001978      0x234 ./FATFS/App/fatfs.o
                0x0000000020001978                USBHFatFS
 .bss.FatFs     0x0000000020001bac        0x4 ./Middlewares/Third_Party/FatFs/src/ff.o
 .bss.Fsid      0x0000000020001bb0        0x2 ./Middlewares/Third_Party/FatFs/src/ff.o
 *fill*         0x0000000020001bb2        0x2 
 .bss.Files     0x0000000020001bb4       0x20 ./Middlewares/Third_Party/FatFs/src/ff.o
 .bss.LfnBuf    0x0000000020001bd4      0x200 ./Middlewares/Third_Party/FatFs/src/ff.o
 .bss.disk      0x0000000020001dd4        0xc ./Middlewares/Third_Party/FatFs/src/ff_gen_drv.o
                0x0000000020001dd4                disk
 .bss.hUsbHostFS
                0x0000000020001de0      0x3d8 ./USB_HOST/App/usb_host.o
                0x0000000020001de0                hUsbHostFS
 .bss.Appli_state
                0x00000000200021b8        0x1 ./USB_HOST/App/usb_host.o
                0x00000000200021b8                Appli_state
 *fill*         0x00000000200021b9        0x3 
 .bss.hhcd_USB_OTG_FS
                0x00000000200021bc      0x304 ./USB_HOST/Target/usbh_conf.o
                0x00000000200021bc                hhcd_USB_OTG_FS
 .bss.__malloc_free_list
                0x00000000200024c0        0x4 C:/ST/STM32CubeIDE_1.13.2/STM32CubeIDE/plugins/com.st.stm32cube.ide.mcu.externaltools.gnu-tools-for-stm32.11.3.rel1.win32_1.1.1.202309131626/tools/bin/../lib/gcc/arm-none-eabi/11.3.1/../../../../arm-none-eabi/lib/thumb/v7e-m+fp/hard\libc_nano.a(libc_a-mallocr.o)
                0x00000000200024c0                __malloc_free_list
 .bss.__malloc_sbrk_start
                0x00000000200024c4        0x4 C:/ST/STM32CubeIDE_1.13.2/STM32CubeIDE/plugins/com.st.stm32cube.ide.mcu.externaltools.gnu-tools-for-stm32.11.3.rel1.win32_1.1.1.202309131626/tools/bin/../lib/gcc/arm-none-eabi/11.3.1/../../../../arm-none-eabi/lib/thumb/v7e-m+fp/hard\libc_nano.a(libc_a-mallocr.o)
                0x00000000200024c4                __malloc_sbrk_start
 .bss.__sf      0x00000000200024c8      0x138 C:/ST/STM32CubeIDE_1.13.2/STM32CubeIDE/plugins/com.st.stm32cube.ide.mcu.externaltools.gnu-tools-for-stm32.11.3.rel1.win32_1.1.1.202309131626/tools/bin/../lib/gcc/arm-none-eabi/11.3.1/../../../../arm-none-eabi/lib/thumb/v7e-m+fp/hard\libc_nano.a(libc_a-findfp.o)
                0x00000000200024c8                __sf
 .bss.errno     0x0000000020002600        0x4 C:/ST/STM32CubeIDE_1.13.2/STM32CubeIDE/plugins/com.st.stm32cube.ide.mcu.externaltools.gnu-tools-for-stm32.11.3.rel1.win32_1.1.1.202309131626/tools/bin/../lib/gcc/arm-none-eabi/11.3.1/../../../../arm-none-eabi/lib/thumb/v7e-m+fp/hard\libc_nano.a(libc_a-reent.o)
                0x0000000020002600                errno
 .bss.__lock___malloc_recursive_mutex